Archive member included to satisfy reference by file (symbol)

D:/msys64/arm-gnu-toolchain-14.2.rel1-mingw-w64-i686-arm-none-eabi/bin/../lib/gcc/arm-none-eabi/14.2.1/thumb/v7-m/nofp\libgcc.a(unwind-arm.o)
                              CMakeFiles/basic_1.elf.dir/Core/Src/DriverMotor.cpp.obj (__aeabi_unwind_cpp_pr0)
D:/msys64/arm-gnu-toolchain-14.2.rel1-mingw-w64-i686-arm-none-eabi/bin/../lib/gcc/arm-none-eabi/14.2.1/thumb/v7-m/nofp\libgcc.a(libunwind.o)
                              D:/msys64/arm-gnu-toolchain-14.2.rel1-mingw-w64-i686-arm-none-eabi/bin/../lib/gcc/arm-none-eabi/14.2.1/thumb/v7-m/nofp\libgcc.a(unwind-arm.o) (restore_core_regs)
D:/msys64/arm-gnu-toolchain-14.2.rel1-mingw-w64-i686-arm-none-eabi/bin/../lib/gcc/arm-none-eabi/14.2.1/thumb/v7-m/nofp\libgcc.a(pr-support.o)
                              D:/msys64/arm-gnu-toolchain-14.2.rel1-mingw-w64-i686-arm-none-eabi/bin/../lib/gcc/arm-none-eabi/14.2.1/thumb/v7-m/nofp\libgcc.a(unwind-arm.o) (__gnu_unwind_execute)
D:/msys64/arm-gnu-toolchain-14.2.rel1-mingw-w64-i686-arm-none-eabi/bin/../lib/gcc/arm-none-eabi/14.2.1/thumb/v7-m/nofp\libg.a(libc_a-abort.o)
                              D:/msys64/arm-gnu-toolchain-14.2.rel1-mingw-w64-i686-arm-none-eabi/bin/../lib/gcc/arm-none-eabi/14.2.1/thumb/v7-m/nofp\libgcc.a(unwind-arm.o) (abort)
D:/msys64/arm-gnu-toolchain-14.2.rel1-mingw-w64-i686-arm-none-eabi/bin/../lib/gcc/arm-none-eabi/14.2.1/thumb/v7-m/nofp\libg.a(libc_a-exit.o)
                              D:/msys64/arm-gnu-toolchain-14.2.rel1-mingw-w64-i686-arm-none-eabi/bin/../lib/gcc/arm-none-eabi/14.2.1/thumb/v7-m/nofp/crt0.o (exit)
D:/msys64/arm-gnu-toolchain-14.2.rel1-mingw-w64-i686-arm-none-eabi/bin/../lib/gcc/arm-none-eabi/14.2.1/thumb/v7-m/nofp\libg.a(libc_a-findfp.o)
                              D:/msys64/arm-gnu-toolchain-14.2.rel1-mingw-w64-i686-arm-none-eabi/bin/../lib/gcc/arm-none-eabi/14.2.1/thumb/v7-m/nofp\libg.a(libc_a-exit.o) (__stdio_exit_handler)
D:/msys64/arm-gnu-toolchain-14.2.rel1-mingw-w64-i686-arm-none-eabi/bin/../lib/gcc/arm-none-eabi/14.2.1/thumb/v7-m/nofp\libg.a(libc_a-fwalk.o)
                              D:/msys64/arm-gnu-toolchain-14.2.rel1-mingw-w64-i686-arm-none-eabi/bin/../lib/gcc/arm-none-eabi/14.2.1/thumb/v7-m/nofp\libg.a(libc_a-findfp.o) (_fwalk_sglue)
D:/msys64/arm-gnu-toolchain-14.2.rel1-mingw-w64-i686-arm-none-eabi/bin/../lib/gcc/arm-none-eabi/14.2.1/thumb/v7-m/nofp\libg.a(libc_a-stdio.o)
                              D:/msys64/arm-gnu-toolchain-14.2.rel1-mingw-w64-i686-arm-none-eabi/bin/../lib/gcc/arm-none-eabi/14.2.1/thumb/v7-m/nofp\libg.a(libc_a-findfp.o) (__sread)
D:/msys64/arm-gnu-toolchain-14.2.rel1-mingw-w64-i686-arm-none-eabi/bin/../lib/gcc/arm-none-eabi/14.2.1/thumb/v7-m/nofp\libg.a(libc_a-memset.o)
                              D:/msys64/arm-gnu-toolchain-14.2.rel1-mingw-w64-i686-arm-none-eabi/bin/../lib/gcc/arm-none-eabi/14.2.1/thumb/v7-m/nofp/crt0.o (memset)
D:/msys64/arm-gnu-toolchain-14.2.rel1-mingw-w64-i686-arm-none-eabi/bin/../lib/gcc/arm-none-eabi/14.2.1/thumb/v7-m/nofp\libg.a(libc_a-signal.o)
                              D:/msys64/arm-gnu-toolchain-14.2.rel1-mingw-w64-i686-arm-none-eabi/bin/../lib/gcc/arm-none-eabi/14.2.1/thumb/v7-m/nofp\libg.a(libc_a-abort.o) (raise)
D:/msys64/arm-gnu-toolchain-14.2.rel1-mingw-w64-i686-arm-none-eabi/bin/../lib/gcc/arm-none-eabi/14.2.1/thumb/v7-m/nofp\libg.a(libc_a-closer.o)
                              D:/msys64/arm-gnu-toolchain-14.2.rel1-mingw-w64-i686-arm-none-eabi/bin/../lib/gcc/arm-none-eabi/14.2.1/thumb/v7-m/nofp\libg.a(libc_a-stdio.o) (_close_r)
D:/msys64/arm-gnu-toolchain-14.2.rel1-mingw-w64-i686-arm-none-eabi/bin/../lib/gcc/arm-none-eabi/14.2.1/thumb/v7-m/nofp\libg.a(libc_a-reent.o)
                              D:/msys64/arm-gnu-toolchain-14.2.rel1-mingw-w64-i686-arm-none-eabi/bin/../lib/gcc/arm-none-eabi/14.2.1/thumb/v7-m/nofp\libg.a(libc_a-closer.o) (errno)
D:/msys64/arm-gnu-toolchain-14.2.rel1-mingw-w64-i686-arm-none-eabi/bin/../lib/gcc/arm-none-eabi/14.2.1/thumb/v7-m/nofp\libg.a(libc_a-impure.o)
                              D:/msys64/arm-gnu-toolchain-14.2.rel1-mingw-w64-i686-arm-none-eabi/bin/../lib/gcc/arm-none-eabi/14.2.1/thumb/v7-m/nofp\libg.a(libc_a-signal.o) (_impure_ptr)
D:/msys64/arm-gnu-toolchain-14.2.rel1-mingw-w64-i686-arm-none-eabi/bin/../lib/gcc/arm-none-eabi/14.2.1/thumb/v7-m/nofp\libg.a(libc_a-lseekr.o)
                              D:/msys64/arm-gnu-toolchain-14.2.rel1-mingw-w64-i686-arm-none-eabi/bin/../lib/gcc/arm-none-eabi/14.2.1/thumb/v7-m/nofp\libg.a(libc_a-stdio.o) (_lseek_r)
D:/msys64/arm-gnu-toolchain-14.2.rel1-mingw-w64-i686-arm-none-eabi/bin/../lib/gcc/arm-none-eabi/14.2.1/thumb/v7-m/nofp\libg.a(libc_a-readr.o)
                              D:/msys64/arm-gnu-toolchain-14.2.rel1-mingw-w64-i686-arm-none-eabi/bin/../lib/gcc/arm-none-eabi/14.2.1/thumb/v7-m/nofp\libg.a(libc_a-stdio.o) (_read_r)
[...]
Memory Configuration

Name             Origin             Length             Attributes
RAM              0x20000000         0x00005000         xrw
FLASH            0x08000000         0x00010000         xr
*default*        0x00000000         0xffffffff

Linker script and memory map

LOAD D:/msys64/arm-gnu-toolchain-14.2.rel1-mingw-w64-i686-arm-none-eabi/bin/../lib/gcc/arm-none-eabi/14.2.1/thumb/v7-m/nofp/crti.o
LOAD D:/msys64/arm-gnu-toolchain-14.2.rel1-mingw-w64-i686-arm-none-eabi/bin/../lib/gcc/arm-none-eabi/14.2.1/thumb/v7-m/nofp/crtbegin.o
LOAD D:/msys64/arm-gnu-toolchain-14.2.rel1-mingw-w64-i686-arm-none-eabi/bin/../lib/gcc/arm-none-eabi/14.2.1/thumb/v7-m/nofp/crt0.o
LOAD CMakeFiles/basic_1.elf.dir/Core/Src/DriverMotor.cpp.obj
LOAD CMakeFiles/basic_1.elf.dir/Core/Src/gpio.c.obj
LOAD CMakeFiles/basic_1.elf.dir/Core/Src/main.c.obj
LOAD CMakeFiles/basic_1.elf.dir/Core/Src/stm32f1xx_hal_msp.c.obj
LOAD CMakeFiles/basic_1.elf.dir/Core/Src/stm32f1xx_it.c.obj
LOAD CMakeFiles/basic_1.elf.dir/Core/Src/syscalls.c.obj
LOAD CMakeFiles/basic_1.elf.dir/Core/Src/sysmem.c.obj
LOAD CMakeFiles/basic_1.elf.dir/Core/Src/system_stm32f1xx.c.obj
LOAD CMakeFiles/basic_1.elf.dir/Core/Src/tim.c.obj
LOAD CMakeFiles/basic_1.elf.dir/Core/Startup/startup_stm32f103c8tx.s.obj
LOAD CMakeFiles/basic_1.elf.dir/Drivers/STM32F1xx_HAL_Driver/Src/stm32f1xx_hal.c.obj
LOAD CMakeFiles/basic_1.elf.dir/Drivers/STM32F1xx_HAL_Driver/Src/stm32f1xx_hal_cortex.c.obj
LOAD CMakeFiles/basic_1.elf.dir/Drivers/STM32F1xx_HAL_Driver/Src/stm32f1xx_hal_dma.c.obj
LOAD CMakeFiles/basic_1.elf.dir/Drivers/STM32F1xx_HAL_Driver/Src/stm32f1xx_hal_exti.c.obj
LOAD CMakeFiles/basic_1.elf.dir/Drivers/STM32F1xx_HAL_Driver/Src/stm32f1xx_hal_flash.c.obj
LOAD CMakeFiles/basic_1.elf.dir/Drivers/STM32F1xx_HAL_Driver/Src/stm32f1xx_hal_flash_ex.c.obj
LOAD CMakeFiles/basic_1.elf.dir/Drivers/STM32F1xx_HAL_Driver/Src/stm32f1xx_hal_gpio.c.obj
LOAD CMakeFiles/basic_1.elf.dir/Drivers/STM32F1xx_HAL_Driver/Src/stm32f1xx_hal_gpio_ex.c.obj
LOAD CMakeFiles/basic_1.elf.dir/Drivers/STM32F1xx_HAL_Driver/Src/stm32f1xx_hal_pwr.c.obj
LOAD CMakeFiles/basic_1.elf.dir/Drivers/STM32F1xx_HAL_Driver/Src/stm32f1xx_hal_rcc.c.obj
LOAD CMakeFiles/basic_1.elf.dir/Drivers/STM32F1xx_HAL_Driver/Src/stm32f1xx_hal_rcc_ex.c.obj
LOAD CMakeFiles/basic_1.elf.dir/Drivers/STM32F1xx_HAL_Driver/Src/stm32f1xx_hal_tim.c.obj
LOAD CMakeFiles/basic_1.elf.dir/Drivers/STM32F1xx_HAL_Driver/Src/stm32f1xx_hal_tim_ex.c.obj
LOAD D:/msys64/arm-gnu-toolchain-14.2.rel1-mingw-w64-i686-arm-none-eabi/bin/../lib/gcc/arm-none-eabi/14.2.1/thumb/v7-m/nofp\libstdc++.a
LOAD D:/msys64/arm-gnu-toolchain-14.2.rel1-mingw-w64-i686-arm-none-eabi/bin/../lib/gcc/arm-none-eabi/14.2.1/thumb/v7-m/nofp\libm.a
START GROUP
LOAD D:/msys64/arm-gnu-toolchain-14.2.rel1-mingw-w64-i686-arm-none-eabi/bin/../lib/gcc/arm-none-eabi/14.2.1/thumb/v7-m/nofp\libgcc.a
LOAD D:/msys64/arm-gnu-toolchain-14.2.rel1-mingw-w64-i686-arm-none-eabi/bin/../lib/gcc/arm-none-eabi/14.2.1/thumb/v7-m/nofp\libg.a
LOAD D:/msys64/arm-gnu-toolchain-14.2.rel1-mingw-w64-i686-arm-none-eabi/bin/../lib/gcc/arm-none-eabi/14.2.1/thumb/v7-m/nofp\libc.a
END GROUP
LOAD D:/msys64/arm-gnu-toolchain-14.2.rel1-mingw-w64-i686-arm-none-eabi/bin/../lib/gcc/arm-none-eabi/14.2.1/thumb/v7-m/nofp/crtend.o
LOAD D:/msys64/arm-gnu-toolchain-14.2.rel1-mingw-w64-i686-arm-none-eabi/bin/../lib/gcc/arm-none-eabi/14.2.1/thumb/v7-m/nofp/crtn.o
                0x20005000                        _estack = (ORIGIN (RAM) + LENGTH (RAM))
                0x00000200                        _Min_Heap_Size = 0x200
                0x00000400                        _Min_Stack_Size = 0x400

.isr_vector     0x08000000      0x10c
                0x08000000                        . = ALIGN (0x4)
 *(.isr_vector)
 .isr_vector    0x08000000      0x10c CMakeFiles/basic_1.elf.dir/Core/Startup/startup_stm32f103c8tx.s.obj
                0x08000000                g_pfnVectors
                0x0800010c                        . = ALIGN (0x4)

.text           0x0800010c     0x27c0
                0x0800010c                        . = ALIGN (0x4)
 *(.text)
 .text          0x0800010c      0x1ac D:/msys64/arm-gnu-toolchain-14.2.rel1-mingw-w64-i686-arm-none-eabi/bin/../lib/gcc/arm-none-eabi/14.2.1/thumb/v7-m/nofp\libgcc.a(libunwind.o)
                0x0800010c                __restore_core_regs
                0x0800010c                restore_core_regs
                0x08000124                __gnu_Unwind_Restore_VFP
                0x0800012c                __gnu_Unwind_Save_VFP
                0x08000134                __gnu_Unwind_Restore_VFP_D
                0x0800013c                __gnu_Unwind_Save_VFP_D
                0x08000144                __gnu_Unwind_Restore_VFP_D_16_to_31
                0x0800014c                __gnu_Unwind_Save_VFP_D_16_to_31
                0x08000154                __gnu_Unwind_Restore_WMMXD
                0x08000198                __gnu_Unwind_Save_WMMXD
                0x080001dc                __gnu_Unwind_Restore_WMMXC
                0x080001f0                __gnu_Unwind_Save_WMMXC
                0x08000204                ___Unwind_RaiseException
                0x08000204                _Unwind_RaiseException
                0x08000228                _Unwind_Resume
                0x08000228                ___Unwind_Resume
                0x0800024c                _Unwind_Resume_or_Rethrow
                0x0800024c                ___Unwind_Resume_or_Rethrow
                0x08000270                _Unwind_ForcedUnwind
                0x08000270                ___Unwind_ForcedUnwind
                0x08000294                ___Unwind_Backtrace
                0x08000294                _Unwind_Backtrace
 .text          0x080002b8       0xec D:/msys64/arm-gnu-toolchain-14.2.rel1-mingw-w64-i686-arm-none-eabi/bin/../lib/gcc/arm-none-eabi/14.2.1/thumb/v7-m/nofp\libg.a(libc_a-memcpy.o)
                0x080002b8                memcpy
 *(.text*)
 .text.deregister_tm_clones
                0x080003a4       0x1c D:/msys64/arm-gnu-toolchain-14.2.rel1-mingw-w64-i686-arm-none-eabi/bin/../lib/gcc/arm-none-eabi/14.2.1/thumb/v7-m/nofp/crtbegin.o
 .text.register_tm_clones
                0x080003c0       0x24 D:/msys64/arm-gnu-toolchain-14.2.rel1-mingw-w64-i686-arm-none-eabi/bin/../lib/gcc/arm-none-eabi/14.2.1/thumb/v7-m/nofp/crtbegin.o
 .text.__do_global_dtors_aux
                0x080003e4       0x28 D:/msys64/arm-gnu-toolchain-14.2.rel1-mingw-w64-i686-arm-none-eabi/bin/../lib/gcc/arm-none-eabi/14.2.1/thumb/v7-m/nofp/crtbegin.o
 .text.frame_dummy
                0x0800040c       0x24 D:/msys64/arm-gnu-toolchain-14.2.rel1-mingw-w64-i686-arm-none-eabi/bin/../lib/gcc/arm-none-eabi/14.2.1/thumb/v7-m/nofp/crtbegin.o
 .text.motor_control
                0x08000430      0x188 CMakeFiles/basic_1.elf.dir/Core/Src/DriverMotor.cpp.obj
                0x08000430                motor_control
 .text.car_go_forward
                0x080005b8       0x24 CMakeFiles/basic_1.elf.dir/Core/Src/DriverMotor.cpp.obj
                0x080005b8                car_go_forward
 .text.car_go_back
                0x080005dc       0x24 CMakeFiles/basic_1.elf.dir/Core/Src/DriverMotor.cpp.obj
                0x080005dc                car_go_back
 .text.car_stop
                0x08000600       0x24 CMakeFiles/basic_1.elf.dir/Core/Src/DriverMotor.cpp.obj
                0x08000600                car_stop
 .text.MX_GPIO_Init
                0x08000624       0xa4 CMakeFiles/basic_1.elf.dir/Core/Src/gpio.c.obj
                0x08000624                MX_GPIO_Init
 .text.Error_Handler
                0x080006c8        0x4 CMakeFiles/basic_1.elf.dir/Core/Src/main.c.obj
                0x080006c8                Error_Handler
 .text.SystemClock_Config
                0x080006cc       0x64 CMakeFiles/basic_1.elf.dir/Core/Src/main.c.obj
                0x080006cc                SystemClock_Config
 .text.main     0x08000730       0x3c CMakeFiles/basic_1.elf.dir/Core/Src/main.c.obj
                0x08000730                main
 .text.HAL_MspInit
                0x0800076c       0x44 CMakeFiles/basic_1.elf.dir/Core/Src/stm32f1xx_hal_msp.c.obj
                0x0800076c                HAL_MspInit
 .text.NMI_Handler
                0x080007b0        0x2 CMakeFiles/basic_1.elf.dir/Core/Src/stm32f1xx_it.c.obj
                0x080007b0                NMI_Handler
 .text.HardFault_Handler
                0x080007b2        0x2 CMakeFiles/basic_1.elf.dir/Core/Src/stm32f1xx_it.c.obj
                0x080007b2                HardFault_Handler
 .text.MemManage_Handler
                0x080007b4        0x2 CMakeFiles/basic_1.elf.dir/Core/Src/stm32f1xx_it.c.obj
                0x080007b4                MemManage_Handler
 .text.BusFault_Handler
                0x080007b6        0x2 CMakeFiles/basic_1.elf.dir/Core/Src/stm32f1xx_it.c.obj
                0x080007b6                BusFault_Handler
 .text.UsageFault_Handler
                0x080007b8        0x2 CMakeFiles/basic_1.elf.dir/Core/Src/stm32f1xx_it.c.obj
                0x080007b8                UsageFault_Handler
 .text.SVC_Handler
                0x080007ba        0x2 CMakeFiles/basic_1.elf.dir/Core/Src/stm32f1xx_it.c.obj
                0x080007ba                SVC_Handler
 .text.DebugMon_Handler
                0x080007bc        0x2 CMakeFiles/basic_1.elf.dir/Core/Src/stm32f1xx_it.c.obj
                0x080007bc                DebugMon_Handler
 .text.PendSV_Handler
                0x080007be        0x2 CMakeFiles/basic_1.elf.dir/Core/Src/stm32f1xx_it.c.obj
                0x080007be                PendSV_Handler
 .text.SysTick_Handler
                0x080007c0        0x8 CMakeFiles/basic_1.elf.dir/Core/Src/stm32f1xx_it.c.obj
                0x080007c0                SysTick_Handler
 .text._getpid  0x080007c8        0x4 CMakeFiles/basic_1.elf.dir/Core/Src/syscalls.c.obj
                0x080007c8                _getpid
 .text._kill    0x080007cc       0x10 CMakeFiles/basic_1.elf.dir/Core/Src/syscalls.c.obj
                0x080007cc                _kill
 .text._exit    0x080007dc        0xc CMakeFiles/basic_1.elf.dir/Core/Src/syscalls.c.obj
                0x080007dc                _exit
 .text.SystemInit
                0x080007e8        0x2 CMakeFiles/basic_1.elf.dir/Core/Src/system_stm32f1xx.c.obj
                0x080007e8                SystemInit
 *fill*         0x080007ea        0x2 
 .text.HAL_TIM_Base_MspInit
                0x080007ec       0x2c CMakeFiles/basic_1.elf.dir/Core/Src/tim.c.obj
                0x080007ec                HAL_TIM_Base_MspInit
 .text.HAL_TIM_MspPostInit
                0x08000818       0x50 CMakeFiles/basic_1.elf.dir/Core/Src/tim.c.obj
                0x08000818                HAL_TIM_MspPostInit
 .text.MX_TIM1_Init
                0x08000868      0x124 CMakeFiles/basic_1.elf.dir/Core/Src/tim.c.obj
                0x08000868                MX_TIM1_Init
 .text.Reset_Handler
                0x0800098c       0x48 CMakeFiles/basic_1.elf.dir/Core/Startup/startup_stm32f103c8tx.s.obj
                0x0800098c                Reset_Handler
 .text.Default_Handler
                0x080009d4        0x2 CMakeFiles/basic_1.elf.dir/Core/Startup/startup_stm32f103c8tx.s.obj
                0x080009d4                RTC_Alarm_IRQHandler
                0x080009d4                EXTI2_IRQHandler
                0x080009d4                TIM1_CC_IRQHandler
                0x080009d4                PVD_IRQHandler
                0x080009d4                EXTI3_IRQHandler
                0x080009d4                EXTI0_IRQHandler
                0x080009d4                I2C2_EV_IRQHandler
                0x080009d4                ADC1_2_IRQHandler
                0x080009d4                SPI1_IRQHandler
                0x080009d4                TAMPER_IRQHandler
                0x080009d4                DMA1_Channel4_IRQHandler
                0x080009d4                USART3_IRQHandler
                0x080009d4                RTC_IRQHandler
                0x080009d4                DMA1_Channel7_IRQHandler
                0x080009d4                CAN1_RX1_IRQHandler
                0x080009d4                TIM4_IRQHandler
                0x080009d4                I2C1_EV_IRQHandler
                0x080009d4                DMA1_Channel6_IRQHandler
                0x080009d4                TIM3_IRQHandler
                0x080009d4                RCC_IRQHandler
                0x080009d4                TIM1_TRG_COM_IRQHandler
                0x080009d4                DMA1_Channel1_IRQHandler
                0x080009d4                Default_Handler
                0x080009d4                EXTI15_10_IRQHandler
                0x080009d4                EXTI9_5_IRQHandler
                0x080009d4                SPI2_IRQHandler
                0x080009d4                DMA1_Channel5_IRQHandler
                0x080009d4                EXTI4_IRQHandler
                0x080009d4                USB_LP_CAN1_RX0_IRQHandler
                0x080009d4                USB_HP_CAN1_TX_IRQHandler
                0x080009d4                DMA1_Channel3_IRQHandler
                0x080009d4                TIM1_UP_IRQHandler
                0x080009d4                WWDG_IRQHandler
                0x080009d4                TIM2_IRQHandler
                0x080009d4                TIM1_BRK_IRQHandler
                0x080009d4                EXTI1_IRQHandler
                0x080009d4                USART2_IRQHandler
                0x080009d4                I2C2_ER_IRQHandler
                0x080009d4                DMA1_Channel2_IRQHandler
                0x080009d4                CAN1_SCE_IRQHandler
                0x080009d4                FLASH_IRQHandler
                0x080009d4                USART1_IRQHandler
                0x080009d4                I2C1_ER_IRQHandler
                0x080009d4                USBWakeUp_IRQHandler
 *fill*         0x080009d6        0x2 
 .text.HAL_InitTick
                0x080009d8       0x4c CMakeFiles/basic_1.elf.dir/Drivers/STM32F1xx_HAL_Driver/Src/stm32f1xx_hal.c.obj
                0x080009d8                HAL_InitTick
 .text.HAL_Init
                0x08000a24       0x24 CMakeFiles/basic_1.elf.dir/Drivers/STM32F1xx_HAL_Driver/Src/stm32f1xx_hal.c.obj
                0x08000a24                HAL_Init
 .text.HAL_IncTick
                0x08000a48       0x18 CMakeFiles/basic_1.elf.dir/Drivers/STM32F1xx_HAL_Driver/Src/stm32f1xx_hal.c.obj
                0x08000a48                HAL_IncTick
 .text.HAL_GetTick
                0x08000a60        0xc CMakeFiles/basic_1.elf.dir/Drivers/STM32F1xx_HAL_Driver/Src/stm32f1xx_hal.c.obj
                0x08000a60                HAL_GetTick
 .text.HAL_Delay
                0x08000a6c       0x28 CMakeFiles/basic_1.elf.dir/Drivers/STM32F1xx_HAL_Driver/Src/stm32f1xx_hal.c.obj
                0x08000a6c                HAL_Delay
 .text.__NVIC_SetPriority
                0x08000a94       0x28 CMakeFiles/basic_1.elf.dir/Drivers/STM32F1xx_HAL_Driver/Src/stm32f1xx_hal_cortex.c.obj
 .text.NVIC_EncodePriority
                0x08000abc       0x3e CMakeFiles/basic_1.elf.dir/Drivers/STM32F1xx_HAL_Driver/Src/stm32f1xx_hal_cortex.c.obj
 *fill*         0x08000afa        0x2 
 .text.HAL_NVIC_SetPriorityGrouping
                0x08000afc       0x24 CMakeFiles/basic_1.elf.dir/Drivers/STM32F1xx_HAL_Driver/Src/stm32f1xx_hal_cortex.c.obj
                0x08000afc                HAL_NVIC_SetPriorityGrouping
 .text.HAL_NVIC_SetPriority
                0x08000b20       0x20 CMakeFiles/basic_1.elf.dir/Drivers/STM32F1xx_HAL_Driver/Src/stm32f1xx_hal_cortex.c.obj
                0x08000b20                HAL_NVIC_SetPriority
 .text.HAL_SYSTICK_Config
                0x08000b40       0x28 CMakeFiles/basic_1.elf.dir/Drivers/STM32F1xx_HAL_Driver/Src/stm32f1xx_hal_cortex.c.obj
                0x08000b40                HAL_SYSTICK_Config
 .text.HAL_GPIO_Init
                0x08000b68      0x214 CMakeFiles/basic_1.elf.dir/Drivers/STM32F1xx_HAL_Driver/Src/stm32f1xx_hal_gpio.c.obj
                0x08000b68                HAL_GPIO_Init
 .text.HAL_GPIO_WritePin
                0x08000d7c        0xc CMakeFiles/basic_1.elf.dir/Drivers/STM32F1xx_HAL_Driver/Src/stm32f1xx_hal_gpio.c.obj
                0x08000d7c                HAL_GPIO_WritePin
 .text.HAL_GPIO_TogglePin
                0x08000d88       0x12 CMakeFiles/basic_1.elf.dir/Drivers/STM32F1xx_HAL_Driver/Src/stm32f1xx_hal_gpio.c.obj
                0x08000d88                HAL_GPIO_TogglePin
 *fill*         0x08000d9a        0x2 
 .text.RCC_Delay
                0x08000d9c       0x2c CMakeFiles/basic_1.elf.dir/Drivers/STM32F1xx_HAL_Driver/Src/stm32f1xx_hal_rcc.c.obj
 .text.HAL_RCC_OscConfig
                0x08000dc8      0x410 CMakeFiles/basic_1.elf.dir/Drivers/STM32F1xx_HAL_Driver/Src/stm32f1xx_hal_rcc.c.obj
                0x08000dc8                HAL_RCC_OscConfig
 .text.HAL_RCC_GetSysClockFreq
                0x080011d8       0x54 CMakeFiles/basic_1.elf.dir/Drivers/STM32F1xx_HAL_Driver/Src/stm32f1xx_hal_rcc.c.obj
                0x080011d8                HAL_RCC_GetSysClockFreq
 .text.HAL_RCC_ClockConfig
                0x0800122c      0x16c CMakeFiles/basic_1.elf.dir/Drivers/STM32F1xx_HAL_Driver/Src/stm32f1xx_hal_rcc.c.obj
                0x0800122c                HAL_RCC_ClockConfig
 .text.TIM_OC1_SetConfig
                0x08001398       0x54 CMakeFiles/basic_1.elf.dir/Drivers/STM32F1xx_HAL_Driver/Src/stm32f1xx_hal_tim.c.obj
 .text.TIM_OC3_SetConfig
                0x080013ec       0x5c CMakeFiles/basic_1.elf.dir/Drivers/STM32F1xx_HAL_Driver/Src/stm32f1xx_hal_tim.c.obj
 .text.TIM_OC4_SetConfig
                0x08001448       0x48 CMakeFiles/basic_1.elf.dir/Drivers/STM32F1xx_HAL_Driver/Src/stm32f1xx_hal_tim.c.obj
 .text.TIM_TI1_ConfigInputStage
                0x08001490       0x24 CMakeFiles/basic_1.elf.dir/Drivers/STM32F1xx_HAL_Driver/Src/stm32f1xx_hal_tim.c.obj
 .text.TIM_TI2_ConfigInputStage
                0x080014b4       0x26 CMakeFiles/basic_1.elf.dir/Drivers/STM32F1xx_HAL_Driver/Src/stm32f1xx_hal_tim.c.obj
 .text.TIM_ITRx_SetConfig
                0x080014da       0x10 CMakeFiles/basic_1.elf.dir/Drivers/STM32F1xx_HAL_Driver/Src/stm32f1xx_hal_tim.c.obj
 .text.HAL_TIM_OC_MspInit
                0x080014ea        0x2 CMakeFiles/basic_1.elf.dir/Drivers/STM32F1xx_HAL_Driver/Src/stm32f1xx_hal_tim.c.obj
                0x080014ea                HAL_TIM_OC_MspInit
 .text.TIM_Base_SetConfig
                0x080014ec       0x84 CMakeFiles/basic_1.elf.dir/Drivers/STM32F1xx_HAL_Driver/Src/stm32f1xx_hal_tim.c.obj
                0x080014ec                TIM_Base_SetConfig
 .text.HAL_TIM_Base_Init
                0x08001570       0x58 CMakeFiles/basic_1.elf.dir/Drivers/STM32F1xx_HAL_Driver/Src/stm32f1xx_hal_tim.c.obj
                0x08001570                HAL_TIM_Base_Init
 .text.HAL_TIM_OC_Init
                0x080015c8       0x58 CMakeFiles/basic_1.elf.dir/Drivers/STM32F1xx_HAL_Driver/Src/stm32f1xx_hal_tim.c.obj
                0x080015c8                HAL_TIM_OC_Init
 .text.TIM_OC2_SetConfig
                0x08001620       0x5c CMakeFiles/basic_1.elf.dir/Drivers/STM32F1xx_HAL_Driver/Src/stm32f1xx_hal_tim.c.obj
                0x08001620                TIM_OC2_SetConfig
 .text.HAL_TIM_OC_ConfigChannel
                0x0800167c       0x5e CMakeFiles/basic_1.elf.dir/Drivers/STM32F1xx_HAL_Driver/Src/stm32f1xx_hal_tim.c.obj
                0x0800167c                HAL_TIM_OC_ConfigChannel
 .text.TIM_ETR_SetConfig
                0x080016da       0x18 CMakeFiles/basic_1.elf.dir/Drivers/STM32F1xx_HAL_Driver/Src/stm32f1xx_hal_tim.c.obj
                0x080016da                TIM_ETR_SetConfig
 .text.HAL_TIM_ConfigClockSource
                0x080016f2       0xfe CMakeFiles/basic_1.elf.dir/Drivers/STM32F1xx_HAL_Driver/Src/stm32f1xx_hal_tim.c.obj
                0x080016f2                HAL_TIM_ConfigClockSource
 .text.HAL_TIMEx_MasterConfigSynchronization
                0x080017f0       0x6c CMakeFiles/basic_1.elf.dir/Drivers/STM32F1xx_HAL_Driver/Src/stm32f1xx_hal_tim_ex.c.obj
                0x080017f0                HAL_TIMEx_MasterConfigSynchronization
 .text.HAL_TIMEx_ConfigBreakDeadTime
                0x0800185c       0x52 CMakeFiles/basic_1.elf.dir/Drivers/STM32F1xx_HAL_Driver/Src/stm32f1xx_hal_tim_ex.c.obj
                0x0800185c                HAL_TIMEx_ConfigBreakDeadTime
 *fill*         0x080018ae        0x2 
 .text.selfrel_offset31
                0x080018b0       0x14 D:/msys64/arm-gnu-toolchain-14.2.rel1-mingw-w64-i686-arm-none-eabi/bin/../lib/gcc/arm-none-eabi/14.2.1/thumb/v7-m/nofp\libgcc.a(unwind-arm.o)
 .text.search_EIT_table
                0x080018c4       0x64 D:/msys64/arm-gnu-toolchain-14.2.rel1-mingw-w64-i686-arm-none-eabi/bin/../lib/gcc/arm-none-eabi/14.2.1/thumb/v7-m/nofp\libgcc.a(unwind-arm.o)
 .text.__gnu_unwind_get_pr_addr
                0x08001928       0x28 D:/msys64/arm-gnu-toolchain-14.2.rel1-mingw-w64-i686-arm-none-eabi/bin/../lib/gcc/arm-none-eabi/14.2.1/thumb/v7-m/nofp\libgcc.a(unwind-arm.o)
 .text.get_eit_entry
                0x08001950       0x98 D:/msys64/arm-gnu-toolchain-14.2.rel1-mingw-w64-i686-arm-none-eabi/bin/../lib/gcc/arm-none-eabi/14.2.1/thumb/v7-m/nofp\libgcc.a(unwind-arm.o)
 .text.restore_non_core_regs
                0x080019e8       0x58 D:/msys64/arm-gnu-toolchain-14.2.rel1-mingw-w64-i686-arm-none-eabi/bin/../lib/gcc/arm-none-eabi/14.2.1/thumb/v7-m/nofp\libgcc.a(unwind-arm.o)
 .text._Unwind_decode_typeinfo_ptr.constprop.0
                0x08001a40        0xc D:/msys64/arm-gnu-toolchain-14.2.rel1-mingw-w64-i686-arm-none-eabi/bin/../lib/gcc/arm-none-eabi/14.2.1/thumb/v7-m/nofp\libgcc.a(unwind-arm.o)
 .text._Unwind_DebugHook
                0x08001a4c        0x4 D:/msys64/arm-gnu-toolchain-14.2.rel1-mingw-w64-i686-arm-none-eabi/bin/../lib/gcc/arm-none-eabi/14.2.1/thumb/v7-m/nofp\libgcc.a(unwind-arm.o)
 .text.unwind_phase2
                0x08001a50       0x40 D:/msys64/arm-gnu-toolchain-14.2.rel1-mingw-w64-i686-arm-none-eabi/bin/../lib/gcc/arm-none-eabi/14.2.1/thumb/v7-m/nofp\libgcc.a(unwind-arm.o)
 .text.unwind_phase2_forced
                0x08001a90       0xdc D:/msys64/arm-gnu-toolchain-14.2.rel1-mingw-w64-i686-arm-none-eabi/bin/../lib/gcc/arm-none-eabi/14.2.1/thumb/v7-m/nofp\libgcc.a(unwind-arm.o)
 .text.__gnu_Unwind_RaiseException
                0x08001b6c       0x6c D:/msys64/arm-gnu-toolchain-14.2.rel1-mingw-w64-i686-arm-none-eabi/bin/../lib/gcc/arm-none-eabi/14.2.1/thumb/v7-m/nofp\libgcc.a(unwind-arm.o)
                0x08001b6c                __gnu_Unwind_RaiseException
 .text.__gnu_Unwind_ForcedUnwind
                0x08001bd8       0x18 D:/msys64/arm-gnu-toolchain-14.2.rel1-mingw-w64-i686-arm-none-eabi/bin/../lib/gcc/arm-none-eabi/14.2.1/thumb/v7-m/nofp\libgcc.a(unwind-arm.o)
                0x08001bd8                __gnu_Unwind_ForcedUnwind
 .text.__gnu_Unwind_Resume
                0x08001bf0       0x44 D:/msys64/arm-gnu-toolchain-14.2.rel1-mingw-w64-i686-arm-none-eabi/bin/../lib/gcc/arm-none-eabi/14.2.1/thumb/v7-m/nofp\libgcc.a(unwind-arm.o)
                0x08001bf0                __gnu_Unwind_Resume
 .text.__gnu_Unwind_Resume_or_Rethrow
                0x08001c34       0x20 D:/msys64/arm-gnu-toolchain-14.2.rel1-mingw-w64-i686-arm-none-eabi/bin/../lib/gcc/arm-none-eabi/14.2.1/thumb/v7-m/nofp\libgcc.a(unwind-arm.o)
                0x08001c34                __gnu_Unwind_Resume_or_Rethrow
 .text._Unwind_VRS_Get
                0x08001c54       0x34 D:/msys64/arm-gnu-toolchain-14.2.rel1-mingw-w64-i686-arm-none-eabi/bin/../lib/gcc/arm-none-eabi/14.2.1/thumb/v7-m/nofp\libgcc.a(unwind-arm.o)
                0x08001c54                _Unwind_VRS_Get
 .text._Unwind_GetGR
                0x08001c88       0x1c D:/msys64/arm-gnu-toolchain-14.2.rel1-mingw-w64-i686-arm-none-eabi/bin/../lib/gcc/arm-none-eabi/14.2.1/thumb/v7-m/nofp\libgcc.a(unwind-arm.o)
 .text._Unwind_VRS_Set
                0x08001ca4       0x34 D:/msys64/arm-gnu-toolchain-14.2.rel1-mingw-w64-i686-arm-none-eabi/bin/../lib/gcc/arm-none-eabi/14.2.1/thumb/v7-m/nofp\libgcc.a(unwind-arm.o)
                0x08001ca4                _Unwind_VRS_Set
 .text._Unwind_SetGR
                0x08001cd8       0x18 D:/msys64/arm-gnu-toolchain-14.2.rel1-mingw-w64-i686-arm-none-eabi/bin/../lib/gcc/arm-none-eabi/14.2.1/thumb/v7-m/nofp\libgcc.a(unwind-arm.o)
 .text.__gnu_Unwind_Backtrace
                0x08001cf0       0x8c D:/msys64/arm-gnu-toolchain-14.2.rel1-mingw-w64-i686-arm-none-eabi/bin/../lib/gcc/arm-none-eabi/14.2.1/thumb/v7-m/nofp\libgcc.a(unwind-arm.o)
                0x08001cf0                __gnu_Unwind_Backtrace
 .text.__gnu_unwind_pr_common
                0x08001d7c      0x2a8 D:/msys64/arm-gnu-toolchain-14.2.rel1-mingw-w64-i686-arm-none-eabi/bin/../lib/gcc/arm-none-eabi/14.2.1/thumb/v7-m/nofp\libgcc.a(unwind-arm.o)
 .text.__aeabi_unwind_cpp_pr0
                0x08002024        0x8 D:/msys64/arm-gnu-toolchain-14.2.rel1-mingw-w64-i686-arm-none-eabi/bin/../lib/gcc/arm-none-eabi/14.2.1/thumb/v7-m/nofp\libgcc.a(unwind-arm.o)
                0x08002024                __aeabi_unwind_cpp_pr0
 .text.__aeabi_unwind_cpp_pr1
                0x0800202c        0x8 D:/msys64/arm-gnu-toolchain-14.2.rel1-mingw-w64-i686-arm-none-eabi/bin/../lib/gcc/arm-none-eabi/14.2.1/thumb/v7-m/nofp\libgcc.a(unwind-arm.o)
                0x0800202c                __aeabi_unwind_cpp_pr1
 .text.__aeabi_unwind_cpp_pr2
                0x08002034        0x8 D:/msys64/arm-gnu-toolchain-14.2.rel1-mingw-w64-i686-arm-none-eabi/bin/../lib/gcc/arm-none-eabi/14.2.1/thumb/v7-m/nofp\libgcc.a(unwind-arm.o)
                0x08002034                __aeabi_unwind_cpp_pr2
 .text._Unwind_VRS_Pop
                0x0800203c      0x2e4 D:/msys64/arm-gnu-toolchain-14.2.rel1-mingw-w64-i686-arm-none-eabi/bin/../lib/gcc/arm-none-eabi/14.2.1/thumb/v7-m/nofp\libgcc.a(unwind-arm.o)
                0x0800203c                _Unwind_VRS_Pop
 .text.next_unwind_byte
                0x08002320       0x38 D:/msys64/arm-gnu-toolchain-14.2.rel1-mingw-w64-i686-arm-none-eabi/bin/../lib/gcc/arm-none-eabi/14.2.1/thumb/v7-m/nofp\libgcc.a(pr-support.o)
 .text.__gnu_unwind_execute
                0x08002358      0x300 D:/msys64/arm-gnu-toolchain-14.2.rel1-mingw-w64-i686-arm-none-eabi/bin/../lib/gcc/arm-none-eabi/14.2.1/thumb/v7-m/nofp\libgcc.a(pr-support.o)
                0x08002358                __gnu_unwind_execute
 .text.abort    0x08002658       0x10 D:/msys64/arm-gnu-toolchain-14.2.rel1-mingw-w64-i686-arm-none-eabi/bin/../lib/gcc/arm-none-eabi/14.2.1/thumb/v7-m/nofp\libg.a(libc_a-abort.o)
                0x08002658                abort
 .text.memset   0x08002668       0x9c D:/msys64/arm-gnu-toolchain-14.2.rel1-mingw-w64-i686-arm-none-eabi/bin/../lib/gcc/arm-none-eabi/14.2.1/thumb/v7-m/nofp\libg.a(libc_a-memset.o)
                0x08002668                memset
 .text.raise    0x08002704       0x58 D:/msys64/arm-gnu-toolchain-14.2.rel1-mingw-w64-i686-arm-none-eabi/bin/../lib/gcc/arm-none-eabi/14.2.1/thumb/v7-m/nofp\libg.a(libc_a-signal.o)
                0x08002704                raise
 .text._kill_r  0x0800275c       0x28 D:/msys64/arm-gnu-toolchain-14.2.rel1-mingw-w64-i686-arm-none-eabi/bin/../lib/gcc/arm-none-eabi/14.2.1/thumb/v7-m/nofp\libg.a(libc_a-signalr.o)
                0x0800275c                _kill_r
 .text._getpid_r
                0x08002784        0x4 D:/msys64/arm-gnu-toolchain-14.2.rel1-mingw-w64-i686-arm-none-eabi/bin/../lib/gcc/arm-none-eabi/14.2.1/thumb/v7-m/nofp\libg.a(libc_a-signalr.o)
                0x08002784                _getpid_r
 .text.__errno  0x08002788        0xc D:/msys64/arm-gnu-toolchain-14.2.rel1-mingw-w64-i686-arm-none-eabi/bin/../lib/gcc/arm-none-eabi/14.2.1/thumb/v7-m/nofp\libg.a(libc_a-errno.o)
                0x08002788                __errno
 .text.__libc_init_array
                0x08002794       0x50 D:/msys64/arm-gnu-toolchain-14.2.rel1-mingw-w64-i686-arm-none-eabi/bin/../lib/gcc/arm-none-eabi/14.2.1/thumb/v7-m/nofp\libg.a(libc_a-init.o)
                0x08002794                __libc_init_array
 .text.__retarget_lock_acquire_recursive
                0x080027e4        0x4 D:/msys64/arm-gnu-toolchain-14.2.rel1-mingw-w64-i686-arm-none-eabi/bin/../lib/gcc/arm-none-eabi/14.2.1/thumb/v7-m/nofp\libg.a(libc_a-lock.o)
                0x080027e4                __retarget_lock_acquire_recursive
 .text.__retarget_lock_release_recursive
                0x080027e8        0x4 D:/msys64/arm-gnu-toolchain-14.2.rel1-mingw-w64-i686-arm-none-eabi/bin/../lib/gcc/arm-none-eabi/14.2.1/thumb/v7-m/nofp\libg.a(libc_a-lock.o)
                0x080027e8                __retarget_lock_release_recursive
 .text.startup.register_fini
                0x080027ec       0x14 D:/msys64/arm-gnu-toolchain-14.2.rel1-mingw-w64-i686-arm-none-eabi/bin/../lib/gcc/arm-none-eabi/14.2.1/thumb/v7-m/nofp\libg.a(libc_a-__call_atexit.o)
 .text.atexit   0x08002800        0xc D:/msys64/arm-gnu-toolchain-14.2.rel1-mingw-w64-i686-arm-none-eabi/bin/../lib/gcc/arm-none-eabi/14.2.1/thumb/v7-m/nofp\libg.a(libc_a-atexit.o)
                0x08002800                atexit
 .text.__libc_fini_array
                0x0800280c       0x28 D:/msys64/arm-gnu-toolchain-14.2.rel1-mingw-w64-i686-arm-none-eabi/bin/../lib/gcc/arm-none-eabi/14.2.1/thumb/v7-m/nofp\libg.a(libc_a-fini.o)
                0x0800280c                __libc_fini_array
 .text.__register_exitproc
                0x08002834       0x80 D:/msys64/arm-gnu-toolchain-14.2.rel1-mingw-w64-i686-arm-none-eabi/bin/../lib/gcc/arm-none-eabi/14.2.1/thumb/v7-m/nofp\libg.a(libc_a-__atexit.o)
                0x08002834                __register_exitproc
 *(.glue_7)
 .glue_7        0x080028b4        0x0 linker stubs
 *(.glue_7t)
 .glue_7t       0x080028b4        0x0 linker stubs
 *(.eh_frame)
 .eh_frame      0x080028b4        0x0 D:/msys64/arm-gnu-toolchain-14.2.rel1-mingw-w64-i686-arm-none-eabi/bin/../lib/gcc/arm-none-eabi/14.2.1/thumb/v7-m/nofp/crtbegin.o
 *(.init)
 .init          0x080028b4        0x4 D:/msys64/arm-gnu-toolchain-14.2.rel1-mingw-w64-i686-arm-none-eabi/bin/../lib/gcc/arm-none-eabi/14.2.1/thumb/v7-m/nofp/crti.o
                0x080028b4                _init
 .init          0x080028b8        0x8 D:/msys64/arm-gnu-toolchain-14.2.rel1-mingw-w64-i686-arm-none-eabi/bin/../lib/gcc/arm-none-eabi/14.2.1/thumb/v7-m/nofp/crtn.o
 *(.fini)
 .fini          0x080028c0        0x4 D:/msys64/arm-gnu-toolchain-14.2.rel1-mingw-w64-i686-arm-none-eabi/bin/../lib/gcc/arm-none-eabi/14.2.1/thumb/v7-m/nofp/crti.o
                0x080028c0                _fini
 .fini          0x080028c4        0x8 D:/msys64/arm-gnu-toolchain-14.2.rel1-mingw-w64-i686-arm-none-eabi/bin/../lib/gcc/arm-none-eabi/14.2.1/thumb/v7-m/nofp/crtn.o
                0x080028cc                        . = ALIGN (0x4)
                0x080028cc                        _etext = .

.vfp11_veneer   0x080028cc        0x0
 .vfp11_veneer  0x080028cc        0x0 linker stubs

.v4_bx          0x080028cc        0x0
 .v4_bx         0x080028cc        0x0 linker stubs

.iplt           0x080028cc        0x0
 .iplt          0x080028cc        0x0 D:/msys64/arm-gnu-toolchain-14.2.rel1-mingw-w64-i686-arm-none-eabi/bin/../lib/gcc/arm-none-eabi/14.2.1/thumb/v7-m/nofp/crtbegin.o

.rodata         0x080028cc       0x24
                0x080028cc                        . = ALIGN (0x4)
 *(.rodata)
 *(.rodata*)
 .rodata.AHBPrescTable
                0x080028cc       0x10 CMakeFiles/basic_1.elf.dir/Core/Src/system_stm32f1xx.c.obj
                0x080028cc                AHBPrescTable
 .rodata.aPredivFactorTable.0
                0x080028dc        0x2 CMakeFiles/basic_1.elf.dir/Drivers/STM32F1xx_HAL_Driver/Src/stm32f1xx_hal_rcc.c.obj
 *fill*         0x080028de        0x2 
 .rodata.aPLLMULFactorTable.1
                0x080028e0       0x10 CMakeFiles/basic_1.elf.dir/Drivers/STM32F1xx_HAL_Driver/Src/stm32f1xx_hal_rcc.c.obj
                0x080028f0                        . = ALIGN (0x4)

.ARM.extab      0x080028f0       0x30
                0x080028f0                        . = ALIGN (0x4)
 *(.ARM.extab* .gnu.linkonce.armextab.*)
 .ARM.extab.text.car_go_forward
                0x080028f0        0xc CMakeFiles/basic_1.elf.dir/Core/Src/DriverMotor.cpp.obj
 .ARM.extab.text.car_go_back
                0x080028fc        0xc CMakeFiles/basic_1.elf.dir/Core/Src/DriverMotor.cpp.obj
 .ARM.extab.text.car_stop
                0x08002908        0xc CMakeFiles/basic_1.elf.dir/Core/Src/DriverMotor.cpp.obj
 .ARM.extab.text.__gnu_Unwind_Resume_or_Rethrow
                0x08002914        0xc D:/msys64/arm-gnu-toolchain-14.2.rel1-mingw-w64-i686-arm-none-eabi/bin/../lib/gcc/arm-none-eabi/14.2.1/thumb/v7-m/nofp\libgcc.a(unwind-arm.o)
                0x08002920                        . = ALIGN (0x4)

.ARM            0x08002920       0xb8
                0x08002920                        . = ALIGN (0x4)
                0x08002920                        __exidx_start = .
 *(.ARM.exidx*)
 .ARM.exidx     0x08002920        0x8 D:/msys64/arm-gnu-toolchain-14.2.rel1-mingw-w64-i686-arm-none-eabi/bin/../lib/gcc/arm-none-eabi/14.2.1/thumb/v7-m/nofp\libg.a(libc_a-memcpy.o)
 .ARM.exidx.text.motor_control
                0x08002928        0x8 CMakeFiles/basic_1.elf.dir/Core/Src/DriverMotor.cpp.obj
 .ARM.exidx.text.car_go_forward
                0x08002930        0x8 CMakeFiles/basic_1.elf.dir/Core/Src/DriverMotor.cpp.obj
 .ARM.exidx.text.car_go_back
                0x08002938        0x8 CMakeFiles/basic_1.elf.dir/Core/Src/DriverMotor.cpp.obj
 .ARM.exidx.text.car_stop
                0x08002940       0x10 CMakeFiles/basic_1.elf.dir/Core/Src/DriverMotor.cpp.obj
                                  0x8 (size before relaxing)
 .ARM.exidx.text.selfrel_offset31
                0x08002950        0x0 D:/msys64/arm-gnu-toolchain-14.2.rel1-mingw-w64-i686-arm-none-eabi/bin/../lib/gcc/arm-none-eabi/14.2.1/thumb/v7-m/nofp\libgcc.a(unwind-arm.o)
                                  0x8 (size before relaxing)
 .ARM.exidx.text.search_EIT_table
                0x08002950        0x0 D:/msys64/arm-gnu-toolchain-14.2.rel1-mingw-w64-i686-arm-none-eabi/bin/../lib/gcc/arm-none-eabi/14.2.1/thumb/v7-m/nofp\libgcc.a(unwind-arm.o)
                                  0x8 (size before relaxing)
 .ARM.exidx.text.__gnu_unwind_get_pr_addr
                0x08002950        0x0 D:/msys64/arm-gnu-toolchain-14.2.rel1-mingw-w64-i686-arm-none-eabi/bin/../lib/gcc/arm-none-eabi/14.2.1/thumb/v7-m/nofp\libgcc.a(unwind-arm.o)
                                  0x8 (size before relaxing)
 .ARM.exidx.text.get_eit_entry
                0x08002950        0x8 D:/msys64/arm-gnu-toolchain-14.2.rel1-mingw-w64-i686-arm-none-eabi/bin/../lib/gcc/arm-none-eabi/14.2.1/thumb/v7-m/nofp\libgcc.a(unwind-arm.o)
 .ARM.exidx.text.restore_non_core_regs
                0x08002958        0x8 D:/msys64/arm-gnu-toolchain-14.2.rel1-mingw-w64-i686-arm-none-eabi/bin/../lib/gcc/arm-none-eabi/14.2.1/thumb/v7-m/nofp\libgcc.a(unwind-arm.o)
 .ARM.exidx.text._Unwind_decode_typeinfo_ptr.constprop.0
                0x08002960        0x8 D:/msys64/arm-gnu-toolchain-14.2.rel1-mingw-w64-i686-arm-none-eabi/bin/../lib/gcc/arm-none-eabi/14.2.1/thumb/v7-m/nofp\libgcc.a(unwind-arm.o)
 .ARM.exidx.text._Unwind_DebugHook
                0x08002968        0x0 D:/msys64/arm-gnu-toolchain-14.2.rel1-mingw-w64-i686-arm-none-eabi/bin/../lib/gcc/arm-none-eabi/14.2.1/thumb/v7-m/nofp\libgcc.a(unwind-arm.o)
                                  0x8 (size before relaxing)
 .ARM.exidx.text.unwind_phase2
                0x08002968        0x8 D:/msys64/arm-gnu-toolchain-14.2.rel1-mingw-w64-i686-arm-none-eabi/bin/../lib/gcc/arm-none-eabi/14.2.1/thumb/v7-m/nofp\libgcc.a(unwind-arm.o)
 .ARM.exidx.text.unwind_phase2_forced
                0x08002970        0x8 D:/msys64/arm-gnu-toolchain-14.2.rel1-mingw-w64-i686-arm-none-eabi/bin/../lib/gcc/arm-none-eabi/14.2.1/thumb/v7-m/nofp\libgcc.a(unwind-arm.o)
 .ARM.exidx.text.__gnu_Unwind_RaiseException
                0x08002978        0x8 D:/msys64/arm-gnu-toolchain-14.2.rel1-mingw-w64-i686-arm-none-eabi/bin/../lib/gcc/arm-none-eabi/14.2.1/thumb/v7-m/nofp\libgcc.a(unwind-arm.o)
 .ARM.exidx.text.__gnu_Unwind_ForcedUnwind
                0x08002980        0x8 D:/msys64/arm-gnu-toolchain-14.2.rel1-mingw-w64-i686-arm-none-eabi/bin/../lib/gcc/arm-none-eabi/14.2.1/thumb/v7-m/nofp\libgcc.a(unwind-arm.o)
 .ARM.exidx.text.__gnu_Unwind_Resume
                0x08002988        0x8 D:/msys64/arm-gnu-toolchain-14.2.rel1-mingw-w64-i686-arm-none-eabi/bin/../lib/gcc/arm-none-eabi/14.2.1/thumb/v7-m/nofp\libgcc.a(unwind-arm.o)
 .ARM.exidx.text.__gnu_Unwind_Resume_or_Rethrow
                0x08002990        0x8 D:/msys64/arm-gnu-toolchain-14.2.rel1-mingw-w64-i686-arm-none-eabi/bin/../lib/gcc/arm-none-eabi/14.2.1/thumb/v7-m/nofp\libgcc.a(unwind-arm.o)
 .ARM.exidx.text._Unwind_VRS_Get
                0x08002998        0x8 D:/msys64/arm-gnu-toolchain-14.2.rel1-mingw-w64-i686-arm-none-eabi/bin/../lib/gcc/arm-none-eabi/14.2.1/thumb/v7-m/nofp\libgcc.a(unwind-arm.o)
 .ARM.exidx.text._Unwind_GetGR
                0x080029a0        0x0 D:/msys64/arm-gnu-toolchain-14.2.rel1-mingw-w64-i686-arm-none-eabi/bin/../lib/gcc/arm-none-eabi/14.2.1/thumb/v7-m/nofp\libgcc.a(unwind-arm.o)
                                  0x8 (size before relaxing)
 .ARM.exidx.text._Unwind_VRS_Set
                0x080029a0        0x0 D:/msys64/arm-gnu-toolchain-14.2.rel1-mingw-w64-i686-arm-none-eabi/bin/../lib/gcc/arm-none-eabi/14.2.1/thumb/v7-m/nofp\libgcc.a(unwind-arm.o)
                                  0x8 (size before relaxing)
 .ARM.exidx.text._Unwind_SetGR
                0x080029a0        0x0 D:/msys64/arm-gnu-toolchain-14.2.rel1-mingw-w64-i686-arm-none-eabi/bin/../lib/gcc/arm-none-eabi/14.2.1/thumb/v7-m/nofp\libgcc.a(unwind-arm.o)
                                  0x8 (size before relaxing)
 .ARM.exidx.text.__gnu_Unwind_Backtrace
                0x080029a0        0x8 D:/msys64/arm-gnu-toolchain-14.2.rel1-mingw-w64-i686-arm-none-eabi/bin/../lib/gcc/arm-none-eabi/14.2.1/thumb/v7-m/nofp\libgcc.a(unwind-arm.o)
 .ARM.exidx.text.__gnu_unwind_pr_common
                0x080029a8        0x8 D:/msys64/arm-gnu-toolchain-14.2.rel1-mingw-w64-i686-arm-none-eabi/bin/../lib/gcc/arm-none-eabi/14.2.1/thumb/v7-m/nofp\libgcc.a(unwind-arm.o)
 .ARM.exidx.text.__aeabi_unwind_cpp_pr0
                0x080029b0        0x8 D:/msys64/arm-gnu-toolchain-14.2.rel1-mingw-w64-i686-arm-none-eabi/bin/../lib/gcc/arm-none-eabi/14.2.1/thumb/v7-m/nofp\libgcc.a(unwind-arm.o)
 .ARM.exidx.text.__aeabi_unwind_cpp_pr1
                0x080029b8        0x0 D:/msys64/arm-gnu-toolchain-14.2.rel1-mingw-w64-i686-arm-none-eabi/bin/../lib/gcc/arm-none-eabi/14.2.1/thumb/v7-m/nofp\libgcc.a(unwind-arm.o)
                                  0x8 (size before relaxing)
 .ARM.exidx.text.__aeabi_unwind_cpp_pr2
                0x080029b8        0x0 D:/msys64/arm-gnu-toolchain-14.2.rel1-mingw-w64-i686-arm-none-eabi/bin/../lib/gcc/arm-none-eabi/14.2.1/thumb/v7-m/nofp\libgcc.a(unwind-arm.o)
                                  0x8 (size before relaxing)
 .ARM.exidx.text._Unwind_VRS_Pop
                0x080029b8        0x8 D:/msys64/arm-gnu-toolchain-14.2.rel1-mingw-w64-i686-arm-none-eabi/bin/../lib/gcc/arm-none-eabi/14.2.1/thumb/v7-m/nofp\libgcc.a(unwind-arm.o)
 .ARM.exidx.text.next_unwind_byte
                0x080029c0        0x8 D:/msys64/arm-gnu-toolchain-14.2.rel1-mingw-w64-i686-arm-none-eabi/bin/../lib/gcc/arm-none-eabi/14.2.1/thumb/v7-m/nofp\libgcc.a(pr-support.o)
 .ARM.exidx.text.__gnu_unwind_execute
                0x080029c8       0x10 D:/msys64/arm-gnu-toolchain-14.2.rel1-mingw-w64-i686-arm-none-eabi/bin/../lib/gcc/arm-none-eabi/14.2.1/thumb/v7-m/nofp\libgcc.a(pr-support.o)
                                  0x8 (size before relaxing)
                0x080029d8                        __exidx_end = .
                0x080029d8                        . = ALIGN (0x4)

.preinit_array  0x080029d8        0x0
                0x080029d8                        . = ALIGN (0x4)
                0x080029d8                        PROVIDE (__preinit_array_start = .)
 *(.preinit_array*)
                0x080029d8                        PROVIDE (__preinit_array_end = .)
                0x080029d8                        . = ALIGN (0x4)

.init_array     0x080029d8        0x8
                0x080029d8                        . = ALIGN (0x4)
                0x080029d8                        PROVIDE (__init_array_start = .)
 *(SORT_BY_NAME(.init_array.*))
 .init_array.00000
                0x080029d8        0x4 D:/msys64/arm-gnu-toolchain-14.2.rel1-mingw-w64-i686-arm-none-eabi/bin/../lib/gcc/arm-none-eabi/14.2.1/thumb/v7-m/nofp\libg.a(libc_a-__call_atexit.o)
 *(.init_array*)
 .init_array    0x080029dc        0x4 D:/msys64/arm-gnu-toolchain-14.2.rel1-mingw-w64-i686-arm-none-eabi/bin/../lib/gcc/arm-none-eabi/14.2.1/thumb/v7-m/nofp/crtbegin.o
                0x080029e0                        PROVIDE (__init_array_end = .)
                0x080029e0                        . = ALIGN (0x4)

.fini_array     0x080029e0        0x4
                0x080029e0                        . = ALIGN (0x4)
                0x080029e0                        PROVIDE (__fini_array_start = .)
 *(SORT_BY_NAME(.fini_array.*))
 *(.fini_array*)
 .fini_array    0x080029e0        0x4 D:/msys64/arm-gnu-toolchain-14.2.rel1-mingw-w64-i686-arm-none-eabi/bin/../lib/gcc/arm-none-eabi/14.2.1/thumb/v7-m/nofp/crtbegin.o
                0x080029e4                        PROVIDE (__fini_array_end = .)
                0x080029e4                        . = ALIGN (0x4)
                0x080029e4                        _sidata = LOADADDR (.data)

.rel.dyn        0x080029e4        0x0
 .rel.iplt      0x080029e4        0x0 D:/msys64/arm-gnu-toolchain-14.2.rel1-mingw-w64-i686-arm-none-eabi/bin/../lib/gcc/arm-none-eabi/14.2.1/thumb/v7-m/nofp/crtbegin.o

.data           0x20000000      0x154 load address 0x080029e4
                0x20000000                        . = ALIGN (0x4)
                0x20000000                        _sdata = .
 *(.data)
 *(.data*)
 .data.SystemCoreClock
                0x20000000        0x4 CMakeFiles/basic_1.elf.dir/Core/Src/system_stm32f1xx.c.obj
                0x20000000                SystemCoreClock
 .data.uwTickFreq
                0x20000004        0x1 CMakeFiles/basic_1.elf.dir/Drivers/STM32F1xx_HAL_Driver/Src/stm32f1xx_hal.c.obj
                0x20000004                uwTickFreq
 *fill*         0x20000005        0x3 
 .data.uwTickPrio
                0x20000008        0x4 CMakeFiles/basic_1.elf.dir/Drivers/STM32F1xx_HAL_Driver/Src/stm32f1xx_hal.c.obj
                0x20000008                uwTickPrio
 .data._impure_ptr
                0x2000000c        0x4 D:/msys64/arm-gnu-toolchain-14.2.rel1-mingw-w64-i686-arm-none-eabi/bin/../lib/gcc/arm-none-eabi/14.2.1/thumb/v7-m/nofp\libg.a(libc_a-impure.o)
                0x2000000c                _impure_ptr
 .data._impure_data
                0x20000010      0x140 D:/msys64/arm-gnu-toolchain-14.2.rel1-mingw-w64-i686-arm-none-eabi/bin/../lib/gcc/arm-none-eabi/14.2.1/thumb/v7-m/nofp\libg.a(libc_a-impure.o)
                0x20000010                _impure_data
 .data.__atexit_recursive_mutex
                0x20000150        0x4 D:/msys64/arm-gnu-toolchain-14.2.rel1-mingw-w64-i686-arm-none-eabi/bin/../lib/gcc/arm-none-eabi/14.2.1/thumb/v7-m/nofp\libg.a(libc_a-__call_atexit.o)
                0x20000150                __atexit_recursive_mutex
 *(.RamFunc)
 *(.RamFunc*)
                0x20000154                        . = ALIGN (0x4)
                0x20000154                        _edata = .

.tm_clone_table
                0x20000154        0x0 load address 0x08002b38
 .tm_clone_table
                0x20000154        0x0 D:/msys64/arm-gnu-toolchain-14.2.rel1-mingw-w64-i686-arm-none-eabi/bin/../lib/gcc/arm-none-eabi/14.2.1/thumb/v7-m/nofp/crtbegin.o
 .tm_clone_table
                0x20000154        0x0 D:/msys64/arm-gnu-toolchain-14.2.rel1-mingw-w64-i686-arm-none-eabi/bin/../lib/gcc/arm-none-eabi/14.2.1/thumb/v7-m/nofp/crtend.o

.igot.plt       0x20000154        0x0 load address 0x08002b38
 .igot.plt      0x20000154        0x0 D:/msys64/arm-gnu-toolchain-14.2.rel1-mingw-w64-i686-arm-none-eabi/bin/../lib/gcc/arm-none-eabi/14.2.1/thumb/v7-m/nofp/crtbegin.o
                0x20000154                        . = ALIGN (0x4)

.bss            0x20000154      0x33c load address 0x08002b38
                0x20000154                        _sbss = .
                0x20000154                        __bss_start__ = _sbss
 *(.bss)
 *(.bss*)
 .bss.completed.1
                0x20000154        0x1 D:/msys64/arm-gnu-toolchain-14.2.rel1-mingw-w64-i686-arm-none-eabi/bin/../lib/gcc/arm-none-eabi/14.2.1/thumb/v7-m/nofp/crtbegin.o
 *fill*         0x20000155        0x3 
 .bss.object.0  0x20000158       0x18 D:/msys64/arm-gnu-toolchain-14.2.rel1-mingw-w64-i686-arm-none-eabi/bin/../lib/gcc/arm-none-eabi/14.2.1/thumb/v7-m/nofp/crtbegin.o
 .bss.htim1     0x20000170       0x48 CMakeFiles/basic_1.elf.dir/Core/Src/tim.c.obj
                0x20000170                htim1
 .bss.uwTick    0x200001b8        0x4 CMakeFiles/basic_1.elf.dir/Drivers/STM32F1xx_HAL_Driver/Src/stm32f1xx_hal.c.obj
                0x200001b8                uwTick
 .bss.__sf      0x200001bc      0x138 D:/msys64/arm-gnu-toolchain-14.2.rel1-mingw-w64-i686-arm-none-eabi/bin/../lib/gcc/arm-none-eabi/14.2.1/thumb/v7-m/nofp\libg.a(libc_a-findfp.o)
                0x200001bc                __sf
 .bss.errno     0x200002f4        0x4 D:/msys64/arm-gnu-toolchain-14.2.rel1-mingw-w64-i686-arm-none-eabi/bin/../lib/gcc/arm-none-eabi/14.2.1/thumb/v7-m/nofp\libg.a(libc_a-reent.o)
                0x200002f4                errno
 .bss.__lock___atexit_recursive_mutex
                0x200002f8        0x1 D:/msys64/arm-gnu-toolchain-14.2.rel1-mingw-w64-i686-arm-none-eabi/bin/../lib/gcc/arm-none-eabi/14.2.1/thumb/v7-m/nofp\libg.a(libc_a-lock.o)
                0x200002f8                __lock___atexit_recursive_mutex
 *fill*         0x200002f9        0x3 
 .bss.__atexit  0x200002fc        0x4 D:/msys64/arm-gnu-toolchain-14.2.rel1-mingw-w64-i686-arm-none-eabi/bin/../lib/gcc/arm-none-eabi/14.2.1/thumb/v7-m/nofp\libg.a(libc_a-__call_atexit.o)
                0x200002fc                __atexit
 .bss.__atexit0
                0x20000300      0x190 D:/msys64/arm-gnu-toolchain-14.2.rel1-mingw-w64-i686-arm-none-eabi/bin/../lib/gcc/arm-none-eabi/14.2.1/thumb/v7-m/nofp\libg.a(libc_a-__atexit.o)
                0x20000300                __atexit0
 *(COMMON)
                0x20000490                        . = ALIGN (0x4)
                0x20000490                        _ebss = .
                0x20000490                        __bss_end__ = _ebss

._user_heap_stack
                0x20000490      0x600 load address 0x08002b38
                0x20000490                        . = ALIGN (0x8)
                [!provide]                        PROVIDE (end = .)
                0x20000490                        PROVIDE (_end = .)
                0x20000690                        . = (. + _Min_Heap_Size)
 *fill*         0x20000490      0x200 
                0x20000a90                        . = (. + _Min_Stack_Size)
 *fill*         0x20000690      0x400 
                0x20000a90                        . = ALIGN (0x8)

/DISCARD/
 libc.a(*)
 libm.a(*)
 libgcc.a(*)

.ARM.attributes
                0x00000000       0x29
 *(.ARM.attributes)
 .ARM.attributes
                0x00000000       0x1d D:/msys64/arm-gnu-toolchain-14.2.rel1-mingw-w64-i686-arm-none-eabi/bin/../lib/gcc/arm-none-eabi/14.2.1/thumb/v7-m/nofp/crti.o
 .ARM.attributes
                0x0000001d       0x2d D:/msys64/arm-gnu-toolchain-14.2.rel1-mingw-w64-i686-arm-none-eabi/bin/../lib/gcc/arm-none-eabi/14.2.1/thumb/v7-m/nofp/crtbegin.o
 .ARM.attributes
                0x0000004a       0x2d CMakeFiles/basic_1.elf.dir/Core/Src/DriverMotor.cpp.obj
 .ARM.attributes
                0x00000077       0x2d CMakeFiles/basic_1.elf.dir/Core/Src/gpio.c.obj
 .ARM.attributes
                0x000000a4       0x2d CMakeFiles/basic_1.elf.dir/Core/Src/main.c.obj
 .ARM.attributes
                0x000000d1       0x2d CMakeFiles/basic_1.elf.dir/Core/Src/stm32f1xx_hal_msp.c.obj
 .ARM.attributes
                0x000000fe       0x2d CMakeFiles/basic_1.elf.dir/Core/Src/stm32f1xx_it.c.obj
 .ARM.attributes
                0x0000012b       0x2d CMakeFiles/basic_1.elf.dir/Core/Src/syscalls.c.obj
 .ARM.attributes
                0x00000158       0x2d CMakeFiles/basic_1.elf.dir/Core/Src/system_stm32f1xx.c.obj
 .ARM.attributes
                0x00000185       0x2d CMakeFiles/basic_1.elf.dir/Core/Src/tim.c.obj
 .ARM.attributes
                0x000001b2       0x21 CMakeFiles/basic_1.elf.dir/Core/Startup/startup_stm32f103c8tx.s.obj
 .ARM.attributes
                0x000001d3       0x2d CMakeFiles/basic_1.elf.dir/Drivers/STM32F1xx_HAL_Driver/Src/stm32f1xx_hal.c.obj
 .ARM.attributes
                0x00000200       0x2d CMakeFiles/basic_1.elf.dir/Drivers/STM32F1xx_HAL_Driver/Src/stm32f1xx_hal_cortex.c.obj
 .ARM.attributes
                0x0000022d       0x2d CMakeFiles/basic_1.elf.dir/Drivers/STM32F1xx_HAL_Driver/Src/stm32f1xx_hal_gpio.c.obj
 .ARM.attributes
                0x0000025a       0x2d CMakeFiles/basic_1.elf.dir/Drivers/STM32F1xx_HAL_Driver/Src/stm32f1xx_hal_rcc.c.obj
 .ARM.attributes
                0x00000287       0x2d CMakeFiles/basic_1.elf.dir/Drivers/STM32F1xx_HAL_Driver/Src/stm32f1xx_hal_tim.c.obj
 .ARM.attributes
                0x000002b4       0x2d CMakeFiles/basic_1.elf.dir/Drivers/STM32F1xx_HAL_Driver/Src/stm32f1xx_hal_tim_ex.c.obj
 .ARM.attributes
                0x000002e1       0x2d D:/msys64/arm-gnu-toolchain-14.2.rel1-mingw-w64-i686-arm-none-eabi/bin/../lib/gcc/arm-none-eabi/14.2.1/thumb/v7-m/nofp\libgcc.a(unwind-arm.o)
 .ARM.attributes
                0x0000030e       0x1d D:/msys64/arm-gnu-toolchain-14.2.rel1-mingw-w64-i686-arm-none-eabi/bin/../lib/gcc/arm-none-eabi/14.2.1/thumb/v7-m/nofp\libgcc.a(libunwind.o)
 .ARM.attributes
                0x0000032b       0x2d D:/msys64/arm-gnu-toolchain-14.2.rel1-mingw-w64-i686-arm-none-eabi/bin/../lib/gcc/arm-none-eabi/14.2.1/thumb/v7-m/nofp\libgcc.a(pr-support.o)
 .ARM.attributes
                0x00000358       0x2d D:/msys64/arm-gnu-toolchain-14.2.rel1-mingw-w64-i686-arm-none-eabi/bin/../lib/gcc/arm-none-eabi/14.2.1/thumb/v7-m/nofp\libg.a(libc_a-abort.o)
 .ARM.attributes
                0x00000385       0x2d D:/msys64/arm-gnu-toolchain-14.2.rel1-mingw-w64-i686-arm-none-eabi/bin/../lib/gcc/arm-none-eabi/14.2.1/thumb/v7-m/nofp\libg.a(libc_a-findfp.o)
 .ARM.attributes
                0x000003b2       0x2d D:/msys64/arm-gnu-toolchain-14.2.rel1-mingw-w64-i686-arm-none-eabi/bin/../lib/gcc/arm-none-eabi/14.2.1/thumb/v7-m/nofp\libg.a(libc_a-memset.o)
 .ARM.attributes
                0x000003df       0x2d D:/msys64/arm-gnu-toolchain-14.2.rel1-mingw-w64-i686-arm-none-eabi/bin/../lib/gcc/arm-none-eabi/14.2.1/thumb/v7-m/nofp\libg.a(libc_a-signal.o)
 .ARM.attributes
                0x0000040c       0x2d D:/msys64/arm-gnu-toolchain-14.2.rel1-mingw-w64-i686-arm-none-eabi/bin/../lib/gcc/arm-none-eabi/14.2.1/thumb/v7-m/nofp\libg.a(libc_a-reent.o)
 .ARM.attributes
                0x00000439       0x2d D:/msys64/arm-gnu-toolchain-14.2.rel1-mingw-w64-i686-arm-none-eabi/bin/../lib/gcc/arm-none-eabi/14.2.1/thumb/v7-m/nofp\libg.a(libc_a-impure.o)
 .ARM.attributes
                0x00000466       0x2d D:/msys64/arm-gnu-toolchain-14.2.rel1-mingw-w64-i686-arm-none-eabi/bin/../lib/gcc/arm-none-eabi/14.2.1/thumb/v7-m/nofp\libg.a(libc_a-signalr.o)
 .ARM.attributes
                0x00000493       0x2d D:/msys64/arm-gnu-toolchain-14.2.rel1-mingw-w64-i686-arm-none-eabi/bin/../lib/gcc/arm-none-eabi/14.2.1/thumb/v7-m/nofp\libg.a(libc_a-errno.o)
 .ARM.attributes
                0x000004c0       0x2d D:/msys64/arm-gnu-toolchain-14.2.rel1-mingw-w64-i686-arm-none-eabi/bin/../lib/gcc/arm-none-eabi/14.2.1/thumb/v7-m/nofp\libg.a(libc_a-init.o)
 .ARM.attributes
                0x000004ed       0x2d D:/msys64/arm-gnu-toolchain-14.2.rel1-mingw-w64-i686-arm-none-eabi/bin/../lib/gcc/arm-none-eabi/14.2.1/thumb/v7-m/nofp\libg.a(libc_a-lock.o)
 .ARM.attributes
                0x0000051a       0x1b D:/msys64/arm-gnu-toolchain-14.2.rel1-mingw-w64-i686-arm-none-eabi/bin/../lib/gcc/arm-none-eabi/14.2.1/thumb/v7-m/nofp\libg.a(libc_a-memcpy.o)
 .ARM.attributes
                0x00000535       0x2d D:/msys64/arm-gnu-toolchain-14.2.rel1-mingw-w64-i686-arm-none-eabi/bin/../lib/gcc/arm-none-eabi/14.2.1/thumb/v7-m/nofp\libg.a(libc_a-__call_atexit.o)
 .ARM.attributes
                0x00000562       0x2d D:/msys64/arm-gnu-toolchain-14.2.rel1-mingw-w64-i686-arm-none-eabi/bin/../lib/gcc/arm-none-eabi/14.2.1/thumb/v7-m/nofp\libg.a(libc_a-atexit.o)
 .ARM.attributes
                0x0000058f       0x2d D:/msys64/arm-gnu-toolchain-14.2.rel1-mingw-w64-i686-arm-none-eabi/bin/../lib/gcc/arm-none-eabi/14.2.1/thumb/v7-m/nofp\libg.a(libc_a-fini.o)
 .ARM.attributes
                0x000005bc       0x2d D:/msys64/arm-gnu-toolchain-14.2.rel1-mingw-w64-i686-arm-none-eabi/bin/../lib/gcc/arm-none-eabi/14.2.1/thumb/v7-m/nofp\libg.a(libc_a-__atexit.o)
 .ARM.attributes
                0x000005e9       0x2d D:/msys64/arm-gnu-toolchain-14.2.rel1-mingw-w64-i686-arm-none-eabi/bin/../lib/gcc/arm-none-eabi/14.2.1/thumb/v7-m/nofp/crtend.o
 .ARM.attributes
                0x00000616       0x1d D:/msys64/arm-gnu-toolchain-14.2.rel1-mingw-w64-i686-arm-none-eabi/bin/../lib/gcc/arm-none-eabi/14.2.1/thumb/v7-m/nofp/crtn.o
OUTPUT(basic_1.elf elf32-littlearm)
LOAD linker stubs
LOAD D:/msys64/arm-gnu-toolchain-14.2.rel1-mingw-w64-i686-arm-none-eabi/bin/../lib/gcc/arm-none-eabi/14.2.1/thumb/v7-m/nofp\libc.a
LOAD D:/msys64/arm-gnu-toolchain-14.2.rel1-mingw-w64-i686-arm-none-eabi/bin/../lib/gcc/arm-none-eabi/14.2.1/thumb/v7-m/nofp\libm.a
LOAD D:/msys64/arm-gnu-toolchain-14.2.rel1-mingw-w64-i686-arm-none-eabi/bin/../lib/gcc/arm-none-eabi/14.2.1/thumb/v7-m/nofp\libgcc.a

.debug_info     0x00000000     0xa86e
 .debug_info    0x00000000      0xce9 CMakeFiles/basic_1.elf.dir/Core/Src/DriverMotor.cpp.obj
 .debug_info    0x00000ce9      0x326 CMakeFiles/basic_1.elf.dir/Core/Src/gpio.c.obj
 .debug_info    0x0000100f      0x3dc CMakeFiles/basic_1.elf.dir/Core/Src/main.c.obj
 .debug_info    0x000013eb      0x1f4 CMakeFiles/basic_1.elf.dir/Core/Src/stm32f1xx_hal_msp.c.obj
 .debug_info    0x000015df      0x11d CMakeFiles/basic_1.elf.dir/Core/Src/stm32f1xx_it.c.obj
 .debug_info    0x000016fc      0x789 CMakeFiles/basic_1.elf.dir/Core/Src/syscalls.c.obj
 .debug_info    0x00001e85      0x22d CMakeFiles/basic_1.elf.dir/Core/Src/system_stm32f1xx.c.obj
 .debug_info    0x000020b2      0xc99 CMakeFiles/basic_1.elf.dir/Core/Src/tim.c.obj
 .debug_info    0x00002d4b       0x30 CMakeFiles/basic_1.elf.dir/Core/Startup/startup_stm32f103c8tx.s.obj
 .debug_info    0x00002d7b      0x7a2 CMakeFiles/basic_1.elf.dir/Drivers/STM32F1xx_HAL_Driver/Src/stm32f1xx_hal.c.obj
 .debug_info    0x0000351d      0xcd9 CMakeFiles/basic_1.elf.dir/Drivers/STM32F1xx_HAL_Driver/Src/stm32f1xx_hal_cortex.c.obj
 .debug_info    0x000041f6      0x604 CMakeFiles/basic_1.elf.dir/Drivers/STM32F1xx_HAL_Driver/Src/stm32f1xx_hal_gpio.c.obj
 .debug_info    0x000047fa      0x9c7 CMakeFiles/basic_1.elf.dir/Drivers/STM32F1xx_HAL_Driver/Src/stm32f1xx_hal_rcc.c.obj
 .debug_info    0x000051c1     0x3c0f CMakeFiles/basic_1.elf.dir/Drivers/STM32F1xx_HAL_Driver/Src/stm32f1xx_hal_tim.c.obj
 .debug_info    0x00008dd0     0x1a9e CMakeFiles/basic_1.elf.dir/Drivers/STM32F1xx_HAL_Driver/Src/stm32f1xx_hal_tim_ex.c.obj

.debug_abbrev   0x00000000     0x1aba
 .debug_abbrev  0x00000000      0x1b6 CMakeFiles/basic_1.elf.dir/Core/Src/DriverMotor.cpp.obj
 .debug_abbrev  0x000001b6      0x151 CMakeFiles/basic_1.elf.dir/Core/Src/gpio.c.obj
 .debug_abbrev  0x00000307      0x1c1 CMakeFiles/basic_1.elf.dir/Core/Src/main.c.obj
 .debug_abbrev  0x000004c8       0xed CMakeFiles/basic_1.elf.dir/Core/Src/stm32f1xx_hal_msp.c.obj
 .debug_abbrev  0x000005b5       0x7c CMakeFiles/basic_1.elf.dir/Core/Src/stm32f1xx_it.c.obj
 .debug_abbrev  0x00000631      0x1c1 CMakeFiles/basic_1.elf.dir/Core/Src/syscalls.c.obj
 .debug_abbrev  0x000007f2      0x143 CMakeFiles/basic_1.elf.dir/Core/Src/system_stm32f1xx.c.obj
 .debug_abbrev  0x00000935      0x252 CMakeFiles/basic_1.elf.dir/Core/Src/tim.c.obj
 .debug_abbrev  0x00000b87       0x24 CMakeFiles/basic_1.elf.dir/Core/Startup/startup_stm32f103c8tx.s.obj
 .debug_abbrev  0x00000bab      0x22d CMakeFiles/basic_1.elf.dir/Drivers/STM32F1xx_HAL_Driver/Src/stm32f1xx_hal.c.obj
 .debug_abbrev  0x00000dd8      0x36d CMakeFiles/basic_1.elf.dir/Drivers/STM32F1xx_HAL_Driver/Src/stm32f1xx_hal_cortex.c.obj
 .debug_abbrev  0x00001145      0x1f7 CMakeFiles/basic_1.elf.dir/Drivers/STM32F1xx_HAL_Driver/Src/stm32f1xx_hal_gpio.c.obj
 .debug_abbrev  0x0000133c      0x2a0 CMakeFiles/basic_1.elf.dir/Drivers/STM32F1xx_HAL_Driver/Src/stm32f1xx_hal_rcc.c.obj
 .debug_abbrev  0x000015dc      0x270 CMakeFiles/basic_1.elf.dir/Drivers/STM32F1xx_HAL_Driver/Src/stm32f1xx_hal_tim.c.obj
 .debug_abbrev  0x0000184c      0x26e CMakeFiles/basic_1.elf.dir/Drivers/STM32F1xx_HAL_Driver/Src/stm32f1xx_hal_tim_ex.c.obj

.debug_loclists
                0x00000000     0x5e34
 .debug_loclists
                0x00000000      0x174 CMakeFiles/basic_1.elf.dir/Core/Src/DriverMotor.cpp.obj
 .debug_loclists
                0x00000174       0x17 CMakeFiles/basic_1.elf.dir/Core/Src/stm32f1xx_hal_msp.c.obj
 .debug_loclists
                0x0000018b      0x2cd CMakeFiles/basic_1.elf.dir/Core/Src/syscalls.c.obj
 .debug_loclists
                0x00000458       0xb7 CMakeFiles/basic_1.elf.dir/Core/Src/system_stm32f1xx.c.obj
 .debug_loclists
                0x0000050f       0x40 CMakeFiles/basic_1.elf.dir/Core/Src/tim.c.obj
 .debug_loclists
                0x0000054f       0xe1 CMakeFiles/basic_1.elf.dir/Drivers/STM32F1xx_HAL_Driver/Src/stm32f1xx_hal.c.obj
 .debug_loclists
                0x00000630      0x530 CMakeFiles/basic_1.elf.dir/Drivers/STM32F1xx_HAL_Driver/Src/stm32f1xx_hal_cortex.c.obj
 .debug_loclists
                0x00000b60      0x300 CMakeFiles/basic_1.elf.dir/Drivers/STM32F1xx_HAL_Driver/Src/stm32f1xx_hal_gpio.c.obj
 .debug_loclists
                0x00000e60      0x42e CMakeFiles/basic_1.elf.dir/Drivers/STM32F1xx_HAL_Driver/Src/stm32f1xx_hal_rcc.c.obj
 .debug_loclists
                0x0000128e     0x37f3 CMakeFiles/basic_1.elf.dir/Drivers/STM32F1xx_HAL_Driver/Src/stm32f1xx_hal_tim.c.obj
 .debug_loclists
                0x00004a81     0x13b3 CMakeFiles/basic_1.elf.dir/Drivers/STM32F1xx_HAL_Driver/Src/stm32f1xx_hal_tim_ex.c.obj

.debug_aranges  0x00000000      0xa08
 .debug_aranges
                0x00000000       0x48 CMakeFiles/basic_1.elf.dir/Core/Src/DriverMotor.cpp.obj
 .debug_aranges
                0x00000048       0x20 CMakeFiles/basic_1.elf.dir/Core/Src/gpio.c.obj
 .debug_aranges
                0x00000068       0x30 CMakeFiles/basic_1.elf.dir/Core/Src/main.c.obj
 .debug_aranges
                0x00000098       0x20 CMakeFiles/basic_1.elf.dir/Core/Src/stm32f1xx_hal_msp.c.obj
 .debug_aranges
                0x000000b8       0x60 CMakeFiles/basic_1.elf.dir/Core/Src/stm32f1xx_it.c.obj
 .debug_aranges
                0x00000118       0xa8 CMakeFiles/basic_1.elf.dir/Core/Src/syscalls.c.obj
 .debug_aranges
                0x000001c0       0x28 CMakeFiles/basic_1.elf.dir/Core/Src/system_stm32f1xx.c.obj
 .debug_aranges
                0x000001e8       0x38 CMakeFiles/basic_1.elf.dir/Core/Src/tim.c.obj
 .debug_aranges
                0x00000220       0x28 CMakeFiles/basic_1.elf.dir/Core/Startup/startup_stm32f103c8tx.s.obj
 .debug_aranges
                0x00000248       0xe0 CMakeFiles/basic_1.elf.dir/Drivers/STM32F1xx_HAL_Driver/Src/stm32f1xx_hal.c.obj
 .debug_aranges
                0x00000328       0xc0 CMakeFiles/basic_1.elf.dir/Drivers/STM32F1xx_HAL_Driver/Src/stm32f1xx_hal_cortex.c.obj
 .debug_aranges
                0x000003e8       0x58 CMakeFiles/basic_1.elf.dir/Drivers/STM32F1xx_HAL_Driver/Src/stm32f1xx_hal_gpio.c.obj
 .debug_aranges
                0x00000440       0x90 CMakeFiles/basic_1.elf.dir/Drivers/STM32F1xx_HAL_Driver/Src/stm32f1xx_hal_rcc.c.obj
 .debug_aranges
                0x000004d0      0x3d0 CMakeFiles/basic_1.elf.dir/Drivers/STM32F1xx_HAL_Driver/Src/stm32f1xx_hal_tim.c.obj
 .debug_aranges
                0x000008a0      0x168 CMakeFiles/basic_1.elf.dir/Drivers/STM32F1xx_HAL_Driver/Src/stm32f1xx_hal_tim_ex.c.obj

.debug_rnglists
                0x00000000      0x790
 .debug_rnglists
                0x00000000       0x32 CMakeFiles/basic_1.elf.dir/Core/Src/DriverMotor.cpp.obj
 .debug_rnglists
                0x00000032       0x14 CMakeFiles/basic_1.elf.dir/Core/Src/gpio.c.obj
 .debug_rnglists
                0x00000046       0x1f CMakeFiles/basic_1.elf.dir/Core/Src/main.c.obj
 .debug_rnglists
                0x00000065       0x13 CMakeFiles/basic_1.elf.dir/Core/Src/stm32f1xx_hal_msp.c.obj
 .debug_rnglists
                0x00000078       0x43 CMakeFiles/basic_1.elf.dir/Core/Src/stm32f1xx_it.c.obj
 .debug_rnglists
                0x000000bb       0x79 CMakeFiles/basic_1.elf.dir/Core/Src/syscalls.c.obj
 .debug_rnglists
                0x00000134       0x1a CMakeFiles/basic_1.elf.dir/Core/Src/system_stm32f1xx.c.obj
 .debug_rnglists
                0x0000014e       0x26 CMakeFiles/basic_1.elf.dir/Core/Src/tim.c.obj
 .debug_rnglists
                0x00000174       0x19 CMakeFiles/basic_1.elf.dir/Core/Startup/startup_stm32f103c8tx.s.obj
 .debug_rnglists
                0x0000018d       0xa3 CMakeFiles/basic_1.elf.dir/Drivers/STM32F1xx_HAL_Driver/Src/stm32f1xx_hal.c.obj
 .debug_rnglists
                0x00000230       0x8b CMakeFiles/basic_1.elf.dir/Drivers/STM32F1xx_HAL_Driver/Src/stm32f1xx_hal_cortex.c.obj
 .debug_rnglists
                0x000002bb       0x3f CMakeFiles/basic_1.elf.dir/Drivers/STM32F1xx_HAL_Driver/Src/stm32f1xx_hal_gpio.c.obj
 .debug_rnglists
                0x000002fa       0x7d CMakeFiles/basic_1.elf.dir/Drivers/STM32F1xx_HAL_Driver/Src/stm32f1xx_hal_rcc.c.obj
 .debug_rnglists
                0x00000377      0x2ff CMakeFiles/basic_1.elf.dir/Drivers/STM32F1xx_HAL_Driver/Src/stm32f1xx_hal_tim.c.obj
 .debug_rnglists
                0x00000676      0x11a CMakeFiles/basic_1.elf.dir/Drivers/STM32F1xx_HAL_Driver/Src/stm32f1xx_hal_tim_ex.c.obj

.debug_line     0x00000000     0x978c
 .debug_line    0x00000000      0x494 CMakeFiles/basic_1.elf.dir/Core/Src/DriverMotor.cpp.obj
 .debug_line    0x00000494      0x231 CMakeFiles/basic_1.elf.dir/Core/Src/gpio.c.obj
 .debug_line    0x000006c5      0x32f CMakeFiles/basic_1.elf.dir/Core/Src/main.c.obj
 .debug_line    0x000009f4      0x1a6 CMakeFiles/basic_1.elf.dir/Core/Src/stm32f1xx_hal_msp.c.obj
 .debug_line    0x00000b9a      0x163 CMakeFiles/basic_1.elf.dir/Core/Src/stm32f1xx_it.c.obj
 .debug_line    0x00000cfd      0x40f CMakeFiles/basic_1.elf.dir/Core/Src/syscalls.c.obj
 .debug_line    0x0000110c      0x26f CMakeFiles/basic_1.elf.dir/Core/Src/system_stm32f1xx.c.obj
 .debug_line    0x0000137b      0x49e CMakeFiles/basic_1.elf.dir/Core/Src/tim.c.obj
 .debug_line    0x00001819       0x78 CMakeFiles/basic_1.elf.dir/Core/Startup/startup_stm32f103c8tx.s.obj
 .debug_line    0x00001891      0x57e CMakeFiles/basic_1.elf.dir/Drivers/STM32F1xx_HAL_Driver/Src/stm32f1xx_hal.c.obj
 .debug_line    0x00001e0f      0x6e4 CMakeFiles/basic_1.elf.dir/Drivers/STM32F1xx_HAL_Driver/Src/stm32f1xx_hal_cortex.c.obj
 .debug_line    0x000024f3      0x606 CMakeFiles/basic_1.elf.dir/Drivers/STM32F1xx_HAL_Driver/Src/stm32f1xx_hal_gpio.c.obj
 .debug_line    0x00002af9      0xcf5 CMakeFiles/basic_1.elf.dir/Drivers/STM32F1xx_HAL_Driver/Src/stm32f1xx_hal_rcc.c.obj
 .debug_line    0x000037ee     0x45e1 CMakeFiles/basic_1.elf.dir/Drivers/STM32F1xx_HAL_Driver/Src/stm32f1xx_hal_tim.c.obj
 .debug_line    0x00007dcf     0x19bd CMakeFiles/basic_1.elf.dir/Drivers/STM32F1xx_HAL_Driver/Src/stm32f1xx_hal_tim_ex.c.obj

.debug_str      0x00000000     0x30a6
 .debug_str     0x00000000     0x30a6 CMakeFiles/basic_1.elf.dir/Core/Src/DriverMotor.cpp.obj
                                0x8bd (size before relaxing)
 .debug_str     0x000030a6      0x29f CMakeFiles/basic_1.elf.dir/Core/Src/gpio.c.obj
 .debug_str     0x000030a6      0x3c3 CMakeFiles/basic_1.elf.dir/Core/Src/main.c.obj
 .debug_str     0x000030a6      0x233 CMakeFiles/basic_1.elf.dir/Core/Src/stm32f1xx_hal_msp.c.obj
 .debug_str     0x000030a6      0x236 CMakeFiles/basic_1.elf.dir/Core/Src/stm32f1xx_it.c.obj
 .debug_str     0x000030a6      0x400 CMakeFiles/basic_1.elf.dir/Core/Src/syscalls.c.obj
 .debug_str     0x000030a6      0x268 CMakeFiles/basic_1.elf.dir/Core/Src/system_stm32f1xx.c.obj
 .debug_str     0x000030a6      0xa12 CMakeFiles/basic_1.elf.dir/Core/Src/tim.c.obj
 .debug_str     0x000030a6       0x79 CMakeFiles/basic_1.elf.dir/Core/Startup/startup_stm32f103c8tx.s.obj
 .debug_str     0x000030a6      0x842 CMakeFiles/basic_1.elf.dir/Drivers/STM32F1xx_HAL_Driver/Src/stm32f1xx_hal.c.obj
 .debug_str     0x000030a6      0x8e7 CMakeFiles/basic_1.elf.dir/Drivers/STM32F1xx_HAL_Driver/Src/stm32f1xx_hal_cortex.c.obj
 .debug_str     0x000030a6      0x414 CMakeFiles/basic_1.elf.dir/Drivers/STM32F1xx_HAL_Driver/Src/stm32f1xx_hal_gpio.c.obj
 .debug_str     0x000030a6      0x63f CMakeFiles/basic_1.elf.dir/Drivers/STM32F1xx_HAL_Driver/Src/stm32f1xx_hal_rcc.c.obj
 .debug_str     0x000030a6     0x1699 CMakeFiles/basic_1.elf.dir/Drivers/STM32F1xx_HAL_Driver/Src/stm32f1xx_hal_tim.c.obj
 .debug_str     0x000030a6      0xea5 CMakeFiles/basic_1.elf.dir/Drivers/STM32F1xx_HAL_Driver/Src/stm32f1xx_hal_tim_ex.c.obj

.comment        0x00000000       0x45
 .comment       0x00000000       0x45 CMakeFiles/basic_1.elf.dir/Core/Src/DriverMotor.cpp.obj
                                 0x46 (size before relaxing)
 .comment       0x00000045       0x46 CMakeFiles/basic_1.elf.dir/Core/Src/gpio.c.obj
 .comment       0x00000045       0x46 CMakeFiles/basic_1.elf.dir/Core/Src/main.c.obj
 .comment       0x00000045       0x46 CMakeFiles/basic_1.elf.dir/Core/Src/stm32f1xx_hal_msp.c.obj
 .comment       0x00000045       0x46 CMakeFiles/basic_1.elf.dir/Core/Src/stm32f1xx_it.c.obj
 .comment       0x00000045       0x46 CMakeFiles/basic_1.elf.dir/Core/Src/syscalls.c.obj
 .comment       0x00000045       0x46 CMakeFiles/basic_1.elf.dir/Core/Src/system_stm32f1xx.c.obj
 .comment       0x00000045       0x46 CMakeFiles/basic_1.elf.dir/Core/Src/tim.c.obj
 .comment       0x00000045       0x46 CMakeFiles/basic_1.elf.dir/Drivers/STM32F1xx_HAL_Driver/Src/stm32f1xx_hal.c.obj
 .comment       0x00000045       0x46 CMakeFiles/basic_1.elf.dir/Drivers/STM32F1xx_HAL_Driver/Src/stm32f1xx_hal_cortex.c.obj
 .comment       0x00000045       0x46 CMakeFiles/basic_1.elf.dir/Drivers/STM32F1xx_HAL_Driver/Src/stm32f1xx_hal_gpio.c.obj
 .comment       0x00000045       0x46 CMakeFiles/basic_1.elf.dir/Drivers/STM32F1xx_HAL_Driver/Src/stm32f1xx_hal_rcc.c.obj
 .comment       0x00000045       0x46 CMakeFiles/basic_1.elf.dir/Drivers/STM32F1xx_HAL_Driver/Src/stm32f1xx_hal_tim.c.obj
 .comment       0x00000045       0x46 CMakeFiles/basic_1.elf.dir/Drivers/STM32F1xx_HAL_Driver/Src/stm32f1xx_hal_tim_ex.c.obj

.debug_frame    0x00000000     0x2238
 .debug_frame   0x00000000       0xa4 CMakeFiles/basic_1.elf.dir/Core/Src/DriverMotor.cpp.obj
 .debug_frame   0x000000a4       0x38 CMakeFiles/basic_1.elf.dir/Core/Src/gpio.c.obj
 .debug_frame   0x000000dc       0x58 CMakeFiles/basic_1.elf.dir/Core/Src/main.c.obj
 .debug_frame   0x00000134       0x28 CMakeFiles/basic_1.elf.dir/Core/Src/stm32f1xx_hal_msp.c.obj
 .debug_frame   0x0000015c       0xa8 CMakeFiles/basic_1.elf.dir/Core/Src/stm32f1xx_it.c.obj
 .debug_frame   0x00000204      0x190 CMakeFiles/basic_1.elf.dir/Core/Src/syscalls.c.obj
 .debug_frame   0x00000394       0x30 CMakeFiles/basic_1.elf.dir/Core/Src/system_stm32f1xx.c.obj
 .debug_frame   0x000003c4       0x7c CMakeFiles/basic_1.elf.dir/Core/Src/tim.c.obj
 .debug_frame   0x00000440      0x1cc CMakeFiles/basic_1.elf.dir/Drivers/STM32F1xx_HAL_Driver/Src/stm32f1xx_hal.c.obj
 .debug_frame   0x0000060c      0x19c CMakeFiles/basic_1.elf.dir/Drivers/STM32F1xx_HAL_Driver/Src/stm32f1xx_hal_cortex.c.obj
 .debug_frame   0x000007a8       0xe4 CMakeFiles/basic_1.elf.dir/Drivers/STM32F1xx_HAL_Driver/Src/stm32f1xx_hal_gpio.c.obj
 .debug_frame   0x0000088c      0x184 CMakeFiles/basic_1.elf.dir/Drivers/STM32F1xx_HAL_Driver/Src/stm32f1xx_hal_rcc.c.obj
 .debug_frame   0x00000a10      0xb18 CMakeFiles/basic_1.elf.dir/Drivers/STM32F1xx_HAL_Driver/Src/stm32f1xx_hal_tim.c.obj
 .debug_frame   0x00001528      0x418 CMakeFiles/basic_1.elf.dir/Drivers/STM32F1xx_HAL_Driver/Src/stm32f1xx_hal_tim_ex.c.obj
 .debug_frame   0x00001940      0x2d8 D:/msys64/arm-gnu-toolchain-14.2.rel1-mingw-w64-i686-arm-none-eabi/bin/../lib/gcc/arm-none-eabi/14.2.1/thumb/v7-m/nofp\libgcc.a(unwind-arm.o)
 .debug_frame   0x00001c18       0xf4 D:/msys64/arm-gnu-toolchain-14.2.rel1-mingw-w64-i686-arm-none-eabi/bin/../lib/gcc/arm-none-eabi/14.2.1/thumb/v7-m/nofp\libgcc.a(pr-support.o)
 .debug_frame   0x00001d0c       0x28 D:/msys64/arm-gnu-toolchain-14.2.rel1-mingw-w64-i686-arm-none-eabi/bin/../lib/gcc/arm-none-eabi/14.2.1/thumb/v7-m/nofp\libg.a(libc_a-abort.o)
 .debug_frame   0x00001d34      0x13c D:/msys64/arm-gnu-toolchain-14.2.rel1-mingw-w64-i686-arm-none-eabi/bin/../lib/gcc/arm-none-eabi/14.2.1/thumb/v7-m/nofp\libg.a(libc_a-findfp.o)
 .debug_frame   0x00001e70       0x2c D:/msys64/arm-gnu-toolchain-14.2.rel1-mingw-w64-i686-arm-none-eabi/bin/../lib/gcc/arm-none-eabi/14.2.1/thumb/v7-m/nofp\libg.a(libc_a-memset.o)
 .debug_frame   0x00001e9c      0x11c D:/msys64/arm-gnu-toolchain-14.2.rel1-mingw-w64-i686-arm-none-eabi/bin/../lib/gcc/arm-none-eabi/14.2.1/thumb/v7-m/nofp\libg.a(libc_a-signal.o)
 .debug_frame   0x00001fb8       0x3c D:/msys64/arm-gnu-toolchain-14.2.rel1-mingw-w64-i686-arm-none-eabi/bin/../lib/gcc/arm-none-eabi/14.2.1/thumb/v7-m/nofp\libg.a(libc_a-reent.o)
 .debug_frame   0x00001ff4       0x3c D:/msys64/arm-gnu-toolchain-14.2.rel1-mingw-w64-i686-arm-none-eabi/bin/../lib/gcc/arm-none-eabi/14.2.1/thumb/v7-m/nofp\libg.a(libc_a-signalr.o)
 .debug_frame   0x00002030       0x20 D:/msys64/arm-gnu-toolchain-14.2.rel1-mingw-w64-i686-arm-none-eabi/bin/../lib/gcc/arm-none-eabi/14.2.1/thumb/v7-m/nofp\libg.a(libc_a-errno.o)
 .debug_frame   0x00002050       0x2c D:/msys64/arm-gnu-toolchain-14.2.rel1-mingw-w64-i686-arm-none-eabi/bin/../lib/gcc/arm-none-eabi/14.2.1/thumb/v7-m/nofp\libg.a(libc_a-init.o)
 .debug_frame   0x0000207c       0xb0 D:/msys64/arm-gnu-toolchain-14.2.rel1-mingw-w64-i686-arm-none-eabi/bin/../lib/gcc/arm-none-eabi/14.2.1/thumb/v7-m/nofp\libg.a(libc_a-lock.o)
 .debug_frame   0x0000212c       0x28 D:/msys64/arm-gnu-toolchain-14.2.rel1-mingw-w64-i686-arm-none-eabi/bin/../lib/gcc/arm-none-eabi/14.2.1/thumb/v7-m/nofp\libg.a(libc_a-memcpy.o)
 .debug_frame   0x00002154       0x5c D:/msys64/arm-gnu-toolchain-14.2.rel1-mingw-w64-i686-arm-none-eabi/bin/../lib/gcc/arm-none-eabi/14.2.1/thumb/v7-m/nofp\libg.a(libc_a-__call_atexit.o)
 .debug_frame   0x000021b0       0x20 D:/msys64/arm-gnu-toolchain-14.2.rel1-mingw-w64-i686-arm-none-eabi/bin/../lib/gcc/arm-none-eabi/14.2.1/thumb/v7-m/nofp\libg.a(libc_a-atexit.o)
 .debug_frame   0x000021d0       0x34 D:/msys64/arm-gnu-toolchain-14.2.rel1-mingw-w64-i686-arm-none-eabi/bin/../lib/gcc/arm-none-eabi/14.2.1/thumb/v7-m/nofp\libg.a(libc_a-fini.o)
 .debug_frame   0x00002204       0x34 D:/msys64/arm-gnu-toolchain-14.2.rel1-mingw-w64-i686-arm-none-eabi/bin/../lib/gcc/arm-none-eabi/14.2.1/thumb/v7-m/nofp\libg.a(libc_a-__atexit.o)

.debug_line_str
                0x00000000      0x205
 .debug_line_str
                0x00000000      0x205 CMakeFiles/basic_1.elf.dir/Core/Startup/startup_stm32f103c8tx.s.obj
                                 0x5d (size before relaxing)
 .debug_line_str
                0x00000205       0xc9 D:/msys64/arm-gnu-toolchain-14.2.rel1-mingw-w64-i686-arm-none-eabi/bin/../lib/gcc/arm-none-eabi/14.2.1/thumb/v7-m/nofp\libgcc.a(libunwind.o)
 .debug_line_str
                0x00000205       0xdf D:/msys64/arm-gnu-toolchain-14.2.rel1-mingw-w64-i686-arm-none-eabi/bin/../lib/gcc/arm-none-eabi/14.2.1/thumb/v7-m/nofp\libg.a(libc_a-memcpy.o)
